Archive member included to satisfy reference by file (symbol)

c:/st/stm32cubeide_1.8.0/stm32cubeide/plugins/com.st.stm32cube.ide.mcu.externaltools.gnu-tools-for-stm32.9-2020-q2-update.win32_2.0.0.202105311346/tools/bin/../lib/gcc/arm-none-eabi/9.3.1/../../../../arm-none-eabi/lib/thumb/v7e-m+fp/hard\libc_nano.a(lib_a-errno.o)
                              ./Core/Src/syscalls.o (__errno)
c:/st/stm32cubeide_1.8.0/stm32cubeide/plugins/com.st.stm32cube.ide.mcu.externaltools.gnu-tools-for-stm32.9-2020-q2-update.win32_2.0.0.202105311346/tools/bin/../lib/gcc/arm-none-eabi/9.3.1/../../../../arm-none-eabi/lib/thumb/v7e-m+fp/hard\libc_nano.a(lib_a-exit.o)
                              c:/st/stm32cubeide_1.8.0/stm32cubeide/plugins/com.st.stm32cube.ide.mcu.externaltools.gnu-tools-for-stm32.9-2020-q2-update.win32_2.0.0.202105311346/tools/bin/../lib/gcc/arm-none-eabi/9.3.1/../../../../arm-none-eabi/lib/thumb/v7e-m+fp/hard/crt0.o (exit)
c:/st/stm32cubeide_1.8.0/stm32cubeide/plugins/com.st.stm32cube.ide.mcu.externaltools.gnu-tools-for-stm32.9-2020-q2-update.win32_2.0.0.202105311346/tools/bin/../lib/gcc/arm-none-eabi/9.3.1/../../../../arm-none-eabi/lib/thumb/v7e-m+fp/hard\libc_nano.a(lib_a-impure.o)
                              c:/st/stm32cubeide_1.8.0/stm32cubeide/plugins/com.st.stm32cube.ide.mcu.externaltools.gnu-tools-for-stm32.9-2020-q2-update.win32_2.0.0.202105311346/tools/bin/../lib/gcc/arm-none-eabi/9.3.1/../../../../arm-none-eabi/lib/thumb/v7e-m+fp/hard\libc_nano.a(lib_a-exit.o) (_global_impure_ptr)
c:/st/stm32cubeide_1.8.0/stm32cubeide/plugins/com.st.stm32cube.ide.mcu.externaltools.gnu-tools-for-stm32.9-2020-q2-update.win32_2.0.0.202105311346/tools/bin/../lib/gcc/arm-none-eabi/9.3.1/../../../../arm-none-eabi/lib/thumb/v7e-m+fp/hard\libc_nano.a(lib_a-init.o)
                              c:/st/stm32cubeide_1.8.0/stm32cubeide/plugins/com.st.stm32cube.ide.mcu.externaltools.gnu-tools-for-stm32.9-2020-q2-update.win32_2.0.0.202105311346/tools/bin/../lib/gcc/arm-none-eabi/9.3.1/../../../../arm-none-eabi/lib/thumb/v7e-m+fp/hard/crt0.o (__libc_init_array)
c:/st/stm32cubeide_1.8.0/stm32cubeide/plugins/com.st.stm32cube.ide.mcu.externaltools.gnu-tools-for-stm32.9-2020-q2-update.win32_2.0.0.202105311346/tools/bin/../lib/gcc/arm-none-eabi/9.3.1/../../../../arm-none-eabi/lib/thumb/v7e-m+fp/hard\libc_nano.a(lib_a-memcmp.o)
                              ./ThirdParty/SEGGER/OS/SEGGER_SYSVIEW_FreeRTOS.o (memcmp)
c:/st/stm32cubeide_1.8.0/stm32cubeide/plugins/com.st.stm32cube.ide.mcu.externaltools.gnu-tools-for-stm32.9-2020-q2-update.win32_2.0.0.202105311346/tools/bin/../lib/gcc/arm-none-eabi/9.3.1/../../../../arm-none-eabi/lib/thumb/v7e-m+fp/hard\libc_nano.a(lib_a-memcpy-stub.o)
                              ./ThirdParty/FreeRTOS/queue.o (memcpy)
c:/st/stm32cubeide_1.8.0/stm32cubeide/plugins/com.st.stm32cube.ide.mcu.externaltools.gnu-tools-for-stm32.9-2020-q2-update.win32_2.0.0.202105311346/tools/bin/../lib/gcc/arm-none-eabi/9.3.1/../../../../arm-none-eabi/lib/thumb/v7e-m+fp/hard\libc_nano.a(lib_a-memset.o)
                              c:/st/stm32cubeide_1.8.0/stm32cubeide/plugins/com.st.stm32cube.ide.mcu.externaltools.gnu-tools-for-stm32.9-2020-q2-update.win32_2.0.0.202105311346/tools/bin/../lib/gcc/arm-none-eabi/9.3.1/../../../../arm-none-eabi/lib/thumb/v7e-m+fp/hard/crt0.o (memset)
c:/st/stm32cubeide_1.8.0/stm32cubeide/plugins/com.st.stm32cube.ide.mcu.externaltools.gnu-tools-for-stm32.9-2020-q2-update.win32_2.0.0.202105311346/tools/bin/../lib/gcc/arm-none-eabi/9.3.1/../../../../arm-none-eabi/lib/thumb/v7e-m+fp/hard\libc_nano.a(lib_a-strlen.o)
                              ./ThirdParty/SEGGER/SEGGER/SEGGER_RTT.o (strlen)
c:/st/stm32cubeide_1.8.0/stm32cubeide/plugins/com.st.stm32cube.ide.mcu.externaltools.gnu-tools-for-stm32.9-2020-q2-update.win32_2.0.0.202105311346/tools/bin/../lib/gcc/arm-none-eabi/9.3.1/thumb/v7e-m+fp/hard\libgcc.a(_aeabi_uldivmod.o)
                              ./Drivers/STM32F4xx_HAL_Driver/Src/stm32f4xx_hal_rcc.o (__aeabi_uldivmod)
c:/st/stm32cubeide_1.8.0/stm32cubeide/plugins/com.st.stm32cube.ide.mcu.externaltools.gnu-tools-for-stm32.9-2020-q2-update.win32_2.0.0.202105311346/tools/bin/../lib/gcc/arm-none-eabi/9.3.1/thumb/v7e-m+fp/hard\libgcc.a(_udivmoddi4.o)
                              c:/st/stm32cubeide_1.8.0/stm32cubeide/plugins/com.st.stm32cube.ide.mcu.externaltools.gnu-tools-for-stm32.9-2020-q2-update.win32_2.0.0.202105311346/tools/bin/../lib/gcc/arm-none-eabi/9.3.1/thumb/v7e-m+fp/hard\libgcc.a(_aeabi_uldivmod.o) (__udivmoddi4)
c:/st/stm32cubeide_1.8.0/stm32cubeide/plugins/com.st.stm32cube.ide.mcu.externaltools.gnu-tools-for-stm32.9-2020-q2-update.win32_2.0.0.202105311346/tools/bin/../lib/gcc/arm-none-eabi/9.3.1/thumb/v7e-m+fp/hard\libgcc.a(_dvmd_tls.o)
[...]
Memory Configuration

Name             Origin             Length             Attributes
CCMRAM           0x0000000010000000 0x0000000000010000 xrw
RAM              0x0000000020000000 0x0000000000020000 xrw
FLASH            0x0000000008000000 0x0000000000100000 xr
*default*        0x0000000000000000 0xffffffffffffffff

Linker script and memory map

LOAD c:/st/stm32cubeide_1.8.0/stm32cubeide/plugins/com.st.stm32cube.ide.mcu.externaltools.gnu-tools-for-stm32.9-2020-q2-update.win32_2.0.0.202105311346/tools/bin/../lib/gcc/arm-none-eabi/9.3.1/thumb/v7e-m+fp/hard/crti.o
LOAD c:/st/stm32cubeide_1.8.0/stm32cubeide/plugins/com.st.stm32cube.ide.mcu.externaltools.gnu-tools-for-stm32.9-2020-q2-update.win32_2.0.0.202105311346/tools/bin/../lib/gcc/arm-none-eabi/9.3.1/thumb/v7e-m+fp/hard/crtbegin.o
LOAD c:/st/stm32cubeide_1.8.0/stm32cubeide/plugins/com.st.stm32cube.ide.mcu.externaltools.gnu-tools-for-stm32.9-2020-q2-update.win32_2.0.0.202105311346/tools/bin/../lib/gcc/arm-none-eabi/9.3.1/../../../../arm-none-eabi/lib/thumb/v7e-m+fp/hard/crt0.o
LOAD ./Core/Src/main.o
LOAD ./Core/Src/stm32f4xx_hal_msp.o
LOAD ./Core/Src/stm32f4xx_hal_timebase_tim.o
LOAD ./Core/Src/stm32f4xx_it.o
LOAD ./Core/Src/syscalls.o
LOAD ./Core/Src/system_stm32f4xx.o
LOAD ./Core/Startup/startup_stm32f407vgtx.o
LOAD ./Drivers/STM32F4xx_HAL_Driver/Src/stm32f4xx_hal.o
LOAD ./Drivers/STM32F4xx_HAL_Driver/Src/stm32f4xx_hal_cortex.o
LOAD ./Drivers/STM32F4xx_HAL_Driver/Src/stm32f4xx_hal_dma.o
LOAD ./Drivers/STM32F4xx_HAL_Driver/Src/stm32f4xx_hal_dma_ex.o
LOAD ./Drivers/STM32F4xx_HAL_Driver/Src/stm32f4xx_hal_exti.o
LOAD ./Drivers/STM32F4xx_HAL_Driver/Src/stm32f4xx_hal_flash.o
LOAD ./Drivers/STM32F4xx_HAL_Driver/Src/stm32f4xx_hal_flash_ex.o
LOAD ./Drivers/STM32F4xx_HAL_Driver/Src/stm32f4xx_hal_flash_ramfunc.o
LOAD ./Drivers/STM32F4xx_HAL_Driver/Src/stm32f4xx_hal_gpio.o
LOAD ./Drivers/STM32F4xx_HAL_Driver/Src/stm32f4xx_hal_pwr.o
LOAD ./Drivers/STM32F4xx_HAL_Driver/Src/stm32f4xx_hal_pwr_ex.o
LOAD ./Drivers/STM32F4xx_HAL_Driver/Src/stm32f4xx_hal_rcc.o
LOAD ./Drivers/STM32F4xx_HAL_Driver/Src/stm32f4xx_hal_rcc_ex.o
LOAD ./Drivers/STM32F4xx_HAL_Driver/Src/stm32f4xx_hal_tim.o
LOAD ./Drivers/STM32F4xx_HAL_Driver/Src/stm32f4xx_hal_tim_ex.o
LOAD ./ThirdParty/FreeRTOS/croutine.o
LOAD ./ThirdParty/FreeRTOS/event_groups.o
LOAD ./ThirdParty/FreeRTOS/list.o
LOAD ./ThirdParty/FreeRTOS/queue.o
LOAD ./ThirdParty/FreeRTOS/stream_buffer.o
LOAD ./ThirdParty/FreeRTOS/tasks.o
LOAD ./ThirdParty/FreeRTOS/timers.o
LOAD ./ThirdParty/FreeRTOS/portable/GCC/ARM_CM4F/port.o
LOAD ./ThirdParty/FreeRTOS/portable/MemMang/heap_4.o
LOAD ./ThirdParty/SEGGER/Config/SEGGER_SYSVIEW_Config_FreeRTOS.o
LOAD ./ThirdParty/SEGGER/OS/SEGGER_SYSVIEW_FreeRTOS.o
LOAD ./ThirdParty/SEGGER/Rec/segger_uart.o
LOAD ./ThirdParty/SEGGER/SEGGER/SEGGER_RTT.o
LOAD ./ThirdParty/SEGGER/SEGGER/SEGGER_RTT_ASM_ARMv7M.o
LOAD ./ThirdParty/SEGGER/SEGGER/SEGGER_RTT_printf.o
LOAD ./ThirdParty/SEGGER/SEGGER/SEGGER_SYSVIEW.o
LOAD ./ThirdParty/SEGGER/SEGGER/Syscalls/SEGGER_RTT_Syscalls_GCC.o
START GROUP
LOAD c:/st/stm32cubeide_1.8.0/stm32cubeide/plugins/com.st.stm32cube.ide.mcu.externaltools.gnu-tools-for-stm32.9-2020-q2-update.win32_2.0.0.202105311346/tools/bin/../lib/gcc/arm-none-eabi/9.3.1/../../../../arm-none-eabi/lib/thumb/v7e-m+fp/hard\libc_nano.a
LOAD c:/st/stm32cubeide_1.8.0/stm32cubeide/plugins/com.st.stm32cube.ide.mcu.externaltools.gnu-tools-for-stm32.9-2020-q2-update.win32_2.0.0.202105311346/tools/bin/../lib/gcc/arm-none-eabi/9.3.1/../../../../arm-none-eabi/lib/thumb/v7e-m+fp/hard\libm.a
END GROUP
START GROUP
LOAD c:/st/stm32cubeide_1.8.0/stm32cubeide/plugins/com.st.stm32cube.ide.mcu.externaltools.gnu-tools-for-stm32.9-2020-q2-update.win32_2.0.0.202105311346/tools/bin/../lib/gcc/arm-none-eabi/9.3.1/thumb/v7e-m+fp/hard\libgcc.a
LOAD c:/st/stm32cubeide_1.8.0/stm32cubeide/plugins/com.st.stm32cube.ide.mcu.externaltools.gnu-tools-for-stm32.9-2020-q2-update.win32_2.0.0.202105311346/tools/bin/../lib/gcc/arm-none-eabi/9.3.1/../../../../arm-none-eabi/lib/thumb/v7e-m+fp/hard\libc_nano.a
END GROUP
START GROUP
LOAD c:/st/stm32cubeide_1.8.0/stm32cubeide/plugins/com.st.stm32cube.ide.mcu.externaltools.gnu-tools-for-stm32.9-2020-q2-update.win32_2.0.0.202105311346/tools/bin/../lib/gcc/arm-none-eabi/9.3.1/thumb/v7e-m+fp/hard\libgcc.a
LOAD c:/st/stm32cubeide_1.8.0/stm32cubeide/plugins/com.st.stm32cube.ide.mcu.externaltools.gnu-tools-for-stm32.9-2020-q2-update.win32_2.0.0.202105311346/tools/bin/../lib/gcc/arm-none-eabi/9.3.1/../../../../arm-none-eabi/lib/thumb/v7e-m+fp/hard\libc_nano.a
LOAD c:/st/stm32cubeide_1.8.0/stm32cubeide/plugins/com.st.stm32cube.ide.mcu.externaltools.gnu-tools-for-stm32.9-2020-q2-update.win32_2.0.0.202105311346/tools/bin/../lib/gcc/arm-none-eabi/9.3.1/../../../../arm-none-eabi/lib/thumb/v7e-m+fp/hard\libnosys.a
END GROUP
START GROUP
LOAD c:/st/stm32cubeide_1.8.0/stm32cubeide/plugins/com.st.stm32cube.ide.mcu.externaltools.gnu-tools-for-stm32.9-2020-q2-update.win32_2.0.0.202105311346/tools/bin/../lib/gcc/arm-none-eabi/9.3.1/thumb/v7e-m+fp/hard\libgcc.a
LOAD c:/st/stm32cubeide_1.8.0/stm32cubeide/plugins/com.st.stm32cube.ide.mcu.externaltools.gnu-tools-for-stm32.9-2020-q2-update.win32_2.0.0.202105311346/tools/bin/../lib/gcc/arm-none-eabi/9.3.1/../../../../arm-none-eabi/lib/thumb/v7e-m+fp/hard\libc_nano.a
LOAD c:/st/stm32cubeide_1.8.0/stm32cubeide/plugins/com.st.stm32cube.ide.mcu.externaltools.gnu-tools-for-stm32.9-2020-q2-update.win32_2.0.0.202105311346/tools/bin/../lib/gcc/arm-none-eabi/9.3.1/../../../../arm-none-eabi/lib/thumb/v7e-m+fp/hard\libnosys.a
END GROUP
LOAD c:/st/stm32cubeide_1.8.0/stm32cubeide/plugins/com.st.stm32cube.ide.mcu.externaltools.gnu-tools-for-stm32.9-2020-q2-update.win32_2.0.0.202105311346/tools/bin/../lib/gcc/arm-none-eabi/9.3.1/thumb/v7e-m+fp/hard/crtend.o
LOAD c:/st/stm32cubeide_1.8.0/stm32cubeide/plugins/com.st.stm32cube.ide.mcu.externaltools.gnu-tools-for-stm32.9-2020-q2-update.win32_2.0.0.202105311346/tools/bin/../lib/gcc/arm-none-eabi/9.3.1/thumb/v7e-m+fp/hard/crtn.o
                0x0000000020020000                _estack = (ORIGIN (RAM) + LENGTH (RAM))
                0x0000000000000200                _Min_Heap_Size = 0x200
                0x0000000000000400                _Min_Stack_Size = 0x400

.isr_vector     0x0000000008000000      0x188
                0x0000000008000000                . = ALIGN (0x4)
 *(.isr_vector)
 .isr_vector    0x0000000008000000      0x188 ./Core/Startup/startup_stm32f407vgtx.o
                0x0000000008000000                g_pfnVectors
                0x0000000008000188                . = ALIGN (0x4)

.text           0x0000000008000190     0x69c8
                0x0000000008000190                . = ALIGN (0x4)
 *(.text)
 .text          0x0000000008000190       0x40 c:/st/stm32cubeide_1.8.0/stm32cubeide/plugins/com.st.stm32cube.ide.mcu.externaltools.gnu-tools-for-stm32.9-2020-q2-update.win32_2.0.0.202105311346/tools/bin/../lib/gcc/arm-none-eabi/9.3.1/thumb/v7e-m+fp/hard/crtbegin.o
 .text          0x00000000080001d0       0x94 ./ThirdParty/SEGGER/SEGGER/SEGGER_RTT_ASM_ARMv7M.o
                0x00000000080001d0                SEGGER_RTT_ASM_WriteSkipNoLock
 .text          0x0000000008000264       0x30 c:/st/stm32cubeide_1.8.0/stm32cubeide/plugins/com.st.stm32cube.ide.mcu.externaltools.gnu-tools-for-stm32.9-2020-q2-update.win32_2.0.0.202105311346/tools/bin/../lib/gcc/arm-none-eabi/9.3.1/thumb/v7e-m+fp/hard\libgcc.a(_aeabi_uldivmod.o)
                0x0000000008000264                __aeabi_uldivmod
 .text          0x0000000008000294      0x2c4 c:/st/stm32cubeide_1.8.0/stm32cubeide/plugins/com.st.stm32cube.ide.mcu.externaltools.gnu-tools-for-stm32.9-2020-q2-update.win32_2.0.0.202105311346/tools/bin/../lib/gcc/arm-none-eabi/9.3.1/thumb/v7e-m+fp/hard\libgcc.a(_udivmoddi4.o)
                0x0000000008000294                __udivmoddi4
 .text          0x0000000008000558        0x4 c:/st/stm32cubeide_1.8.0/stm32cubeide/plugins/com.st.stm32cube.ide.mcu.externaltools.gnu-tools-for-stm32.9-2020-q2-update.win32_2.0.0.202105311346/tools/bin/../lib/gcc/arm-none-eabi/9.3.1/thumb/v7e-m+fp/hard\libgcc.a(_dvmd_tls.o)
                0x0000000008000558                __aeabi_idiv0
                0x0000000008000558                __aeabi_ldiv0
 *(.text*)
 .text.main     0x000000000800055c       0xe8 ./Core/Src/main.o
                0x000000000800055c                main
 .text.SystemClock_Config
                0x0000000008000644       0xd4 ./Core/Src/main.o
                0x0000000008000644                SystemClock_Config
 .text.MX_GPIO_Init
                0x0000000008000718      0x2bc ./Core/Src/main.o
 .text.LED1_function
                0x00000000080009d4       0x34 ./Core/Src/main.o
 .text.LED2_function
                0x0000000008000a08       0x34 ./Core/Src/main.o
 .text.LED3_function
                0x0000000008000a3c       0x34 ./Core/Src/main.o
 .text.HAL_TIM_PeriodElapsedCallback
                0x0000000008000a70       0x24 ./Core/Src/main.o
                0x0000000008000a70                HAL_TIM_PeriodElapsedCallback
 .text.Error_Handler
                0x0000000008000a94        0xa ./Core/Src/main.o
                0x0000000008000a94                Error_Handler
 *fill*         0x0000000008000a9e        0x2 
 .text.HAL_MspInit
                0x0000000008000aa0       0x50 ./Core/Src/stm32f4xx_hal_msp.o
                0x0000000008000aa0                HAL_MspInit
 .text.HAL_InitTick
                0x0000000008000af0       0xb4 ./Core/Src/stm32f4xx_hal_timebase_tim.o
                0x0000000008000af0                HAL_InitTick
 .text.NMI_Handler
                0x0000000008000ba4        0x6 ./Core/Src/stm32f4xx_it.o
                0x0000000008000ba4                NMI_Handler
 .text.HardFault_Handler
                0x0000000008000baa        0x6 ./Core/Src/stm32f4xx_it.o
                0x0000000008000baa                HardFault_Handler
 .text.MemManage_Handler
                0x0000000008000bb0        0x6 ./Core/Src/stm32f4xx_it.o
                0x0000000008000bb0                MemManage_Handler
 .text.BusFault_Handler
                0x0000000008000bb6        0x6 ./Core/Src/stm32f4xx_it.o
                0x0000000008000bb6                BusFault_Handler
 .text.UsageFault_Handler
                0x0000000008000bbc        0x6 ./Core/Src/stm32f4xx_it.o
                0x0000000008000bbc                UsageFault_Handler
 .text.DebugMon_Handler
                0x0000000008000bc2        0xe ./Core/Src/stm32f4xx_it.o
                0x0000000008000bc2                DebugMon_Handler
 .text.TIM6_DAC_IRQHandler
                0x0000000008000bd0       0x14 ./Core/Src/stm32f4xx_it.o
                0x0000000008000bd0                TIM6_DAC_IRQHandler
 .text.SystemInit
                0x0000000008000be4       0x24 ./Core/Src/system_stm32f4xx.o
                0x0000000008000be4                SystemInit
 .text.Reset_Handler
                0x0000000008000c08       0x50 ./Core/Startup/startup_stm32f407vgtx.o
                0x0000000008000c08                Reset_Handler
 .text.Default_Handler
                0x0000000008000c58        0x2 ./Core/Startup/startup_stm32f407vgtx.o
                0x0000000008000c58                RTC_Alarm_IRQHandler
                0x0000000008000c58                HASH_RNG_IRQHandler
                0x0000000008000c58                EXTI2_IRQHandler
                0x0000000008000c58                TIM8_CC_IRQHandler
                0x0000000008000c58                TIM1_CC_IRQHandler
                0x0000000008000c58                DMA2_Stream5_IRQHandler
                0x0000000008000c58                DMA1_Stream5_IRQHandler
                0x0000000008000c58                PVD_IRQHandler
                0x0000000008000c58                SDIO_IRQHandler
                0x0000000008000c58                TAMP_STAMP_IRQHandler
                0x0000000008000c58                CAN2_RX1_IRQHandler
                0x0000000008000c58                EXTI3_IRQHandler
                0x0000000008000c58                TIM8_TRG_COM_TIM14_IRQHandler
                0x0000000008000c58                TIM1_UP_TIM10_IRQHandler
                0x0000000008000c58                TIM8_UP_TIM13_IRQHandler
                0x0000000008000c58                I2C3_ER_IRQHandler
                0x0000000008000c58                EXTI0_IRQHandler
                0x0000000008000c58                I2C2_EV_IRQHandler
                0x0000000008000c58                DMA1_Stream2_IRQHandler
                0x0000000008000c58                CAN1_RX0_IRQHandler
                0x0000000008000c58                FPU_IRQHandler
                0x0000000008000c58                OTG_HS_WKUP_IRQHandler
                0x0000000008000c58                CAN2_SCE_IRQHandler
                0x0000000008000c58                DMA2_Stream2_IRQHandler
                0x0000000008000c58                SPI1_IRQHandler
                0x0000000008000c58                TIM1_BRK_TIM9_IRQHandler
                0x0000000008000c58                DCMI_IRQHandler
                0x0000000008000c58                CAN2_RX0_IRQHandler
                0x0000000008000c58                DMA2_Stream3_IRQHandler
                0x0000000008000c58                USART6_IRQHandler
                0x0000000008000c58                USART3_IRQHandler
                0x0000000008000c58                CAN1_RX1_IRQHandler
                0x0000000008000c58                UART5_IRQHandler
                0x0000000008000c58                DMA2_Stream0_IRQHandler
                0x0000000008000c58                TIM4_IRQHandler
                0x0000000008000c58                I2C1_EV_IRQHandler
                0x0000000008000c58                DMA1_Stream6_IRQHandler
                0x0000000008000c58                DMA1_Stream1_IRQHandler
                0x0000000008000c58                UART4_IRQHandler
                0x0000000008000c58                TIM3_IRQHandler
                0x0000000008000c58                RCC_IRQHandler
                0x0000000008000c58                TIM8_BRK_TIM12_IRQHandler
                0x0000000008000c58                Default_Handler
                0x0000000008000c58                EXTI15_10_IRQHandler
                0x0000000008000c58                ADC_IRQHandler
                0x0000000008000c58                DMA1_Stream7_IRQHandler
                0x0000000008000c58                TIM7_IRQHandler
                0x0000000008000c58                CAN2_TX_IRQHandler
                0x0000000008000c58                TIM5_IRQHandler
                0x0000000008000c58                DMA2_Stream7_IRQHandler
                0x0000000008000c58                I2C3_EV_IRQHandler
                0x0000000008000c58                EXTI9_5_IRQHandler
                0x0000000008000c58                RTC_WKUP_IRQHandler
                0x0000000008000c58                ETH_WKUP_IRQHandler
                0x0000000008000c58                SPI2_IRQHandler
                0x0000000008000c58                OTG_HS_EP1_IN_IRQHandler
                0x0000000008000c58                DMA1_Stream0_IRQHandler
                0x0000000008000c58                CAN1_TX_IRQHandler
                0x0000000008000c58                EXTI4_IRQHandler
                0x0000000008000c58                FSMC_IRQHandler
                0x0000000008000c58                ETH_IRQHandler
                0x0000000008000c58                OTG_HS_EP1_OUT_IRQHandler
                0x0000000008000c58                WWDG_IRQHandler
                0x0000000008000c58                TIM2_IRQHandler
                0x0000000008000c58                OTG_FS_WKUP_IRQHandler
                0x0000000008000c58                TIM1_TRG_COM_TIM11_IRQHandler
                0x0000000008000c58                OTG_HS_IRQHandler
                0x0000000008000c58                EXTI1_IRQHandler
                0x0000000008000c58                I2C2_ER_IRQHandler
                0x0000000008000c58                DMA2_Stream1_IRQHandler
                0x0000000008000c58                CAN1_SCE_IRQHandler
                0x0000000008000c58                FLASH_IRQHandler
                0x0000000008000c58                DMA2_Stream4_IRQHandler
                0x0000000008000c58                USART1_IRQHandler
                0x0000000008000c58                OTG_FS_IRQHandler
                0x0000000008000c58                SPI3_IRQHandler
                0x0000000008000c58                DMA1_Stream4_IRQHandler
                0x0000000008000c58                I2C1_ER_IRQHandler
                0x0000000008000c58                DMA2_Stream6_IRQHandler
                0x0000000008000c58                DMA1_Stream3_IRQHandler
 *fill*         0x0000000008000c5a        0x2 
 .text.HAL_Init
                0x0000000008000c5c       0x44 ./Drivers/STM32F4xx_HAL_Driver/Src/stm32f4xx_hal.o
                0x0000000008000c5c                HAL_Init
 .text.HAL_IncTick
                0x0000000008000ca0       0x28 ./Drivers/STM32F4xx_HAL_Driver/Src/stm32f4xx_hal.o
                0x0000000008000ca0                HAL_IncTick
 .text.HAL_GetTick
                0x0000000008000cc8       0x18 ./Drivers/STM32F4xx_HAL_Driver/Src/stm32f4xx_hal.o
                0x0000000008000cc8                HAL_GetTick
 .text.HAL_Delay
                0x0000000008000ce0       0x48 ./Drivers/STM32F4xx_HAL_Driver/Src/stm32f4xx_hal.o
                0x0000000008000ce0                HAL_Delay
 .text.__NVIC_SetPriorityGrouping
                0x0000000008000d28       0x48 ./Drivers/STM32F4xx_HAL_Driver/Src/stm32f4xx_hal_cortex.o
 .text.__NVIC_GetPriorityGrouping
                0x0000000008000d70       0x1c ./Drivers/STM32F4xx_HAL_Driver/Src/stm32f4xx_hal_cortex.o
 .text.__NVIC_EnableIRQ
                0x0000000008000d8c       0x3c ./Drivers/STM32F4xx_HAL_Driver/Src/stm32f4xx_hal_cortex.o
 .text.__NVIC_SetPriority
                0x0000000008000dc8       0x54 ./Drivers/STM32F4xx_HAL_Driver/Src/stm32f4xx_hal_cortex.o
 .text.NVIC_EncodePriority
                0x0000000008000e1c       0x66 ./Drivers/STM32F4xx_HAL_Driver/Src/stm32f4xx_hal_cortex.o
 .text.HAL_NVIC_SetPriorityGrouping
                0x0000000008000e82       0x16 ./Drivers/STM32F4xx_HAL_Driver/Src/stm32f4xx_hal_cortex.o
                0x0000000008000e82                HAL_NVIC_SetPriorityGrouping
 .text.HAL_NVIC_SetPriority
                0x0000000008000e98       0x38 ./Drivers/STM32F4xx_HAL_Driver/Src/stm32f4xx_hal_cortex.o
                0x0000000008000e98                HAL_NVIC_SetPriority
 .text.HAL_NVIC_EnableIRQ
                0x0000000008000ed0       0x1c ./Drivers/STM32F4xx_HAL_Driver/Src/stm32f4xx_hal_cortex.o
                0x0000000008000ed0                HAL_NVIC_EnableIRQ
 .text.HAL_GPIO_Init
                0x0000000008000eec      0x338 ./Drivers/STM32F4xx_HAL_Driver/Src/stm32f4xx_hal_gpio.o
                0x0000000008000eec                HAL_GPIO_Init
 .text.HAL_GPIO_WritePin
                0x0000000008001224       0x32 ./Drivers/STM32F4xx_HAL_Driver/Src/stm32f4xx_hal_gpio.o
                0x0000000008001224                HAL_GPIO_WritePin
 .text.HAL_GPIO_TogglePin
                0x0000000008001256       0x34 ./Drivers/STM32F4xx_HAL_Driver/Src/stm32f4xx_hal_gpio.o
                0x0000000008001256                HAL_GPIO_TogglePin
 *fill*         0x000000000800128a        0x2 
 .text.HAL_RCC_OscConfig
                0x000000000800128c      0x4f0 ./Drivers/STM32F4xx_HAL_Driver/Src/stm32f4xx_hal_rcc.o
                0x000000000800128c                HAL_RCC_OscConfig
 .text.HAL_RCC_ClockConfig
                0x000000000800177c      0x1cc ./Drivers/STM32F4xx_HAL_Driver/Src/stm32f4xx_hal_rcc.o
                0x000000000800177c                HAL_RCC_ClockConfig
 .text.HAL_RCC_GetSysClockFreq
                0x0000000008001948      0x1c4 ./Drivers/STM32F4xx_HAL_Driver/Src/stm32f4xx_hal_rcc.o
                0x0000000008001948                HAL_RCC_GetSysClockFreq
 .text.HAL_RCC_GetHCLKFreq
                0x0000000008001b0c       0x18 ./Drivers/STM32F4xx_HAL_Driver/Src/stm32f4xx_hal_rcc.o
                0x0000000008001b0c                HAL_RCC_GetHCLKFreq
 .text.HAL_RCC_GetPCLK1Freq
                0x0000000008001b24       0x28 ./Drivers/STM32F4xx_HAL_Driver/Src/stm32f4xx_hal_rcc.o
                0x0000000008001b24                HAL_RCC_GetPCLK1Freq
 .text.HAL_RCC_GetClockConfig
                0x0000000008001b4c       0x64 ./Drivers/STM32F4xx_HAL_Driver/Src/stm32f4xx_hal_rcc.o
                0x0000000008001b4c                HAL_RCC_GetClockConfig
 .text.HAL_TIM_Base_Init
                0x0000000008001bb0       0x9e ./Drivers/STM32F4xx_HAL_Driver/Src/stm32f4xx_hal_tim.o
                0x0000000008001bb0                HAL_TIM_Base_Init
 .text.HAL_TIM_Base_MspInit
                0x0000000008001c4e       0x14 ./Drivers/STM32F4xx_HAL_Driver/Src/stm32f4xx_hal_tim.o
                0x0000000008001c4e                HAL_TIM_Base_MspInit
 *fill*         0x0000000008001c62        0x2 
 .text.HAL_TIM_Base_Start_IT
                0x0000000008001c64       0xe0 ./Drivers/STM32F4xx_HAL_Driver/Src/stm32f4xx_hal_tim.o
                0x0000000008001c64                HAL_TIM_Base_Start_IT
 .text.HAL_TIM_IRQHandler
                0x0000000008001d44      0x210 ./Drivers/STM32F4xx_HAL_Driver/Src/stm32f4xx_hal_tim.o
                0x0000000008001d44                HAL_TIM_IRQHandler
 .text.HAL_TIM_OC_DelayElapsedCallback
                0x0000000008001f54       0x14 ./Drivers/STM32F4xx_HAL_Driver/Src/stm32f4xx_hal_tim.o
                0x0000000008001f54                HAL_TIM_OC_DelayElapsedCallback
 .text.HAL_TIM_IC_CaptureCallback
                0x0000000008001f68       0x14 ./Drivers/STM32F4xx_HAL_Driver/Src/stm32f4xx_hal_tim.o
                0x0000000008001f68                HAL_TIM_IC_CaptureCallback
 .text.HAL_TIM_PWM_PulseFinishedCallback
                0x0000000008001f7c       0x14 ./Drivers/STM32F4xx_HAL_Driver/Src/stm32f4xx_hal_tim.o
                0x0000000008001f7c                HAL_TIM_PWM_PulseFinishedCallback
 .text.HAL_TIM_TriggerCallback
                0x0000000008001f90       0x14 ./Drivers/STM32F4xx_HAL_Driver/Src/stm32f4xx_hal_tim.o
                0x0000000008001f90                HAL_TIM_TriggerCallback
 .text.TIM_Base_SetConfig
                0x0000000008001fa4      0x140 ./Drivers/STM32F4xx_HAL_Driver/Src/stm32f4xx_hal_tim.o
                0x0000000008001fa4                TIM_Base_SetConfig
 .text.HAL_TIMEx_CommutCallback
                0x00000000080020e4       0x14 ./Drivers/STM32F4xx_HAL_Driver/Src/stm32f4xx_hal_tim_ex.o
                0x00000000080020e4                HAL_TIMEx_CommutCallback
 .text.HAL_TIMEx_BreakCallback
                0x00000000080020f8       0x14 ./Drivers/STM32F4xx_HAL_Driver/Src/stm32f4xx_hal_tim_ex.o
                0x00000000080020f8                HAL_TIMEx_BreakCallback
 .text.vListInitialise
                0x000000000800210c       0x40 ./ThirdParty/FreeRTOS/list.o
                0x000000000800210c                vListInitialise
 .text.vListInitialiseItem
                0x000000000800214c       0x1a ./ThirdParty/FreeRTOS/list.o
                0x000000000800214c                vListInitialiseItem
 .text.vListInsertEnd
                0x0000000008002166       0x48 ./ThirdParty/FreeRTOS/list.o
                0x0000000008002166                vListInsertEnd
 .text.vListInsert
                0x00000000080021ae       0x72 ./ThirdParty/FreeRTOS/list.o
                0x00000000080021ae                vListInsert
 .text.uxListRemove
                0x0000000008002220       0x54 ./ThirdParty/FreeRTOS/list.o
                0x0000000008002220                uxListRemove
 .text.xQueueGenericReset
                0x0000000008002274       0xb6 ./ThirdParty/FreeRTOS/queue.o
                0x0000000008002274                xQueueGenericReset
 .text.xQueueGenericCreate
                0x000000000800232a       0xbe ./ThirdParty/FreeRTOS/queue.o
                0x000000000800232a                xQueueGenericCreate
 .text.prvInitialiseNewQueue
                0x00000000080023e8       0x52 ./ThirdParty/FreeRTOS/queue.o
 *fill*         0x000000000800243a        0x2 
 .text.xQueueGenericSend
                0x000000000800243c      0x21c ./ThirdParty/FreeRTOS/queue.o
                0x000000000800243c                xQueueGenericSend
 .text.xQueueGenericSendFromISR
                0x0000000008002658      0x17c ./ThirdParty/FreeRTOS/queue.o
                0x0000000008002658                xQueueGenericSendFromISR
 .text.xQueueReceive
                0x00000000080027d4      0x20c ./ThirdParty/FreeRTOS/queue.o
                0x00000000080027d4                xQueueReceive
 .text.prvCopyDataToQueue
                0x00000000080029e0       0xd4 ./ThirdParty/FreeRTOS/queue.o
 .text.prvCopyDataFromQueue
                0x0000000008002ab4       0x4c ./ThirdParty/FreeRTOS/queue.o
 .text.prvUnlockQueue
                0x0000000008002b00       0xa4 ./ThirdParty/FreeRTOS/queue.o
 .text.prvIsQueueEmpty
                0x0000000008002ba4       0x2c ./ThirdParty/FreeRTOS/queue.o
 .text.prvIsQueueFull
                0x0000000008002bd0       0x30 ./ThirdParty/FreeRTOS/queue.o
 .text.vQueueAddToRegistry
                0x0000000008002c00       0x64 ./ThirdParty/FreeRTOS/queue.o
                0x0000000008002c00                vQueueAddToRegistry
 .text.vQueueWaitForMessageRestricted
                0x0000000008002c64       0x68 ./ThirdParty/FreeRTOS/queue.o
                0x0000000008002c64                vQueueWaitForMessageRestricted
 .text.xTaskCreate
                0x0000000008002ccc       0x82 ./ThirdParty/FreeRTOS/tasks.o
                0x0000000008002ccc                xTaskCreate
 .text.prvInitialiseNewTask
                0x0000000008002d4e      0x12c ./ThirdParty/FreeRTOS/tasks.o
 *fill*         0x0000000008002e7a        0x2 
 .text.prvAddNewTaskToReadyList
                0x0000000008002e7c       0xfc ./ThirdParty/FreeRTOS/tasks.o
 .text.vTaskStartScheduler
                0x0000000008002f78       0xc4 ./ThirdParty/FreeRTOS/tasks.o
                0x0000000008002f78                vTaskStartScheduler
 .text.vTaskSuspendAll
                0x000000000800303c       0x1c ./ThirdParty/FreeRTOS/tasks.o
                0x000000000800303c                vTaskSuspendAll
 .text.xTaskResumeAll
                0x0000000008003058      0x124 ./ThirdParty/FreeRTOS/tasks.o
                0x0000000008003058                xTaskResumeAll
 .text.xTaskGetTickCount
                0x000000000800317c       0x20 ./ThirdParty/FreeRTOS/tasks.o
                0x000000000800317c                xTaskGetTickCount
 .text.xTaskGetTickCountFromISR
                0x000000000800319c       0x24 ./ThirdParty/FreeRTOS/tasks.o
                0x000000000800319c                xTaskGetTickCountFromISR
 .text.xTaskIncrementTick
                0x00000000080031c0      0x134 ./ThirdParty/FreeRTOS/tasks.o
                0x00000000080031c0                xTaskIncrementTick
 .text.vTaskSwitchContext
                0x00000000080032f4       0xd4 ./ThirdParty/FreeRTOS/tasks.o
                0x00000000080032f4                vTaskSwitchContext
 .text.vTaskPlaceOnEventList
                0x00000000080033c8       0x48 ./ThirdParty/FreeRTOS/tasks.o
                0x00000000080033c8                vTaskPlaceOnEventList
 .text.vTaskPlaceOnEventListRestricted
                0x0000000008003410       0x5c ./ThirdParty/FreeRTOS/tasks.o
                0x0000000008003410                vTaskPlaceOnEventListRestricted
 .text.xTaskRemoveFromEventList
                0x000000000800346c       0xcc ./ThirdParty/FreeRTOS/tasks.o
                0x000000000800346c                xTaskRemoveFromEventList
 .text.vTaskInternalSetTimeOutState
                0x0000000008003538       0x2c ./ThirdParty/FreeRTOS/tasks.o
                0x0000000008003538                vTaskInternalSetTimeOutState
 .text.xTaskCheckForTimeOut
                0x0000000008003564       0xcc ./ThirdParty/FreeRTOS/tasks.o
                0x0000000008003564                xTaskCheckForTimeOut
 .text.vTaskMissedYield
                0x0000000008003630       0x18 ./ThirdParty/FreeRTOS/tasks.o
                0x0000000008003630                vTaskMissedYield
 .text.prvIdleTask
                0x0000000008003648       0x24 ./ThirdParty/FreeRTOS/tasks.o
 .text.prvInitialiseTaskLists
                0x000000000800366c       0x80 ./ThirdParty/FreeRTOS/tasks.o
 .text.prvCheckTasksWaitingTermination
                0x00000000080036ec       0x5c ./ThirdParty/FreeRTOS/tasks.o
 .text.prvDeleteTCB
                0x0000000008003748       0x20 ./ThirdParty/FreeRTOS/tasks.o
 .text.prvResetNextTaskUnblockTime
                0x0000000008003768       0x38 ./ThirdParty/FreeRTOS/tasks.o
 .text.xTaskGetSchedulerState
                0x00000000080037a0       0x3c ./ThirdParty/FreeRTOS/tasks.o
                0x00000000080037a0                xTaskGetSchedulerState
 .text.xTaskPriorityDisinherit
                0x00000000080037dc      0x100 ./ThirdParty/FreeRTOS/tasks.o
                0x00000000080037dc                xTaskPriorityDisinherit
 .text.prvAddCurrentTaskToDelayedList
                0x00000000080038dc       0xf0 ./ThirdParty/FreeRTOS/tasks.o
 .text.xTimerCreateTimerTask
                0x00000000080039cc       0x64 ./ThirdParty/FreeRTOS/timers.o
                0x00000000080039cc                xTimerCreateTimerTask
 .text.xTimerGenericCommand
                0x0000000008003a30       0x9c ./ThirdParty/FreeRTOS/timers.o
                0x0000000008003a30                xTimerGenericCommand
 .text.prvProcessExpiredTimer
                0x0000000008003acc       0x98 ./ThirdParty/FreeRTOS/timers.o
 .text.prvTimerTask
                0x0000000008003b64       0x24 ./ThirdParty/FreeRTOS/timers.o
 .text.prvProcessTimerOrBlockTask
                0x0000000008003b88       0x9c ./ThirdParty/FreeRTOS/timers.o
 .text.prvGetNextExpireTime
                0x0000000008003c24       0x48 ./ThirdParty/FreeRTOS/timers.o
 .text.prvSampleTimeNow
                0x0000000008003c6c       0x40 ./ThirdParty/FreeRTOS/timers.o
 .text.prvInsertTimerInActiveList
                0x0000000008003cac       0x84 ./ThirdParty/FreeRTOS/timers.o
 .text.prvProcessReceivedCommands
                0x0000000008003d30      0x18c ./ThirdParty/FreeRTOS/timers.o
 .text.prvSwitchTimerLists
                0x0000000008003ebc       0xc8 ./ThirdParty/FreeRTOS/timers.o
 .text.prvCheckForValidListAndQueue
                0x0000000008003f84       0x6c ./ThirdParty/FreeRTOS/timers.o
 .text.pxPortInitialiseStack
                0x0000000008003ff0       0x68 ./ThirdParty/FreeRTOS/portable/GCC/ARM_CM4F/port.o
                0x0000000008003ff0                pxPortInitialiseStack
 .text.prvTaskExitError
                0x0000000008004058       0x58 ./ThirdParty/FreeRTOS/portable/GCC/ARM_CM4F/port.o
 .text.SVC_Handler
                0x00000000080040b0       0x28 ./ThirdParty/FreeRTOS/portable/GCC/ARM_CM4F/port.o
                0x00000000080040b0                SVC_Handler
 .text.prvPortStartFirstTask
                0x00000000080040d8       0x2c ./ThirdParty/FreeRTOS/portable/GCC/ARM_CM4F/port.o
 .text.xPortStartScheduler
                0x0000000008004104      0x144 ./ThirdParty/FreeRTOS/portable/GCC/ARM_CM4F/port.o
                0x0000000008004104                xPortStartScheduler
 .text.vInitPrioGroupValue
                0x0000000008004248       0xfc ./ThirdParty/FreeRTOS/portable/GCC/ARM_CM4F/port.o
                0x0000000008004248                vInitPrioGroupValue
 .text.vPortEnterCritical
                0x0000000008004344       0x60 ./ThirdParty/FreeRTOS/portable/GCC/ARM_CM4F/port.o
                0x0000000008004344                vPortEnterCritical
 .text.vPortExitCritical
                0x00000000080043a4       0x54 ./ThirdParty/FreeRTOS/portable/GCC/ARM_CM4F/port.o
                0x00000000080043a4                vPortExitCritical
 *fill*         0x00000000080043f8        0x8 
 .text.PendSV_Handler
                0x0000000008004400       0x68 ./ThirdParty/FreeRTOS/portable/GCC/ARM_CM4F/port.o
                0x0000000008004400                PendSV_Handler
 .text.SysTick_Handler
                0x0000000008004468       0x54 ./ThirdParty/FreeRTOS/portable/GCC/ARM_CM4F/port.o
                0x0000000008004468                SysTick_Handler
 .text.vPortSetupTimerInterrupt
                0x00000000080044bc       0x48 ./ThirdParty/FreeRTOS/portable/GCC/ARM_CM4F/port.o
                0x00000000080044bc                vPortSetupTimerInterrupt
 .text.vPortEnableVFP
                0x0000000008004504       0x18 ./ThirdParty/FreeRTOS/portable/GCC/ARM_CM4F/port.o
 .text.vPortValidateInterruptPriority
                0x000000000800451c       0x80 ./ThirdParty/FreeRTOS/portable/GCC/ARM_CM4F/port.o
                0x000000000800451c                vPortValidateInterruptPriority
 .text.pvPortMalloc
                0x000000000800459c      0x1c0 ./ThirdParty/FreeRTOS/portable/MemMang/heap_4.o
                0x000000000800459c                pvPortMalloc
 .text.vPortFree
                0x000000000800475c       0xc4 ./ThirdParty/FreeRTOS/portable/MemMang/heap_4.o
                0x000000000800475c                vPortFree
 .text.prvHeapInit
                0x0000000008004820       0xc4 ./ThirdParty/FreeRTOS/portable/MemMang/heap_4.o
 .text.prvInsertBlockIntoFreeList
                0x00000000080048e4       0xb4 ./ThirdParty/FreeRTOS/portable/MemMang/heap_4.o
 .text._cbSendSystemDesc
                0x0000000008004998       0x1c ./ThirdParty/SEGGER/Config/SEGGER_SYSVIEW_Config_FreeRTOS.o
 .text.SEGGER_SYSVIEW_Conf
                0x00000000080049b4       0x2c ./ThirdParty/SEGGER/Config/SEGGER_SYSVIEW_Config_FreeRTOS.o
                0x00000000080049b4                SEGGER_SYSVIEW_Conf
 .text._cbSendTaskList
                0x00000000080049e0       0x90 ./ThirdParty/SEGGER/OS/SEGGER_SYSVIEW_FreeRTOS.o
 .text._cbGetTime
                0x0000000008004a70       0x78 ./ThirdParty/SEGGER/OS/SEGGER_SYSVIEW_FreeRTOS.o
 .text.SYSVIEW_AddTask
                0x0000000008004ae8       0xd0 ./ThirdParty/SEGGER/OS/SEGGER_SYSVIEW_FreeRTOS.o
                0x0000000008004ae8                SYSVIEW_AddTask
 .text.SYSVIEW_SendTaskInfo
                0x0000000008004bb8       0x42 ./ThirdParty/SEGGER/OS/SEGGER_SYSVIEW_FreeRTOS.o
                0x0000000008004bb8                SYSVIEW_SendTaskInfo
 *fill*         0x0000000008004bfa        0x2 
 .text.__NVIC_EnableIRQ
                0x0000000008004bfc       0x3c ./ThirdParty/SEGGER/Rec/segger_uart.o
 .text.__NVIC_SetPriority
                0x0000000008004c38       0x54 ./ThirdParty/SEGGER/Rec/segger_uart.o
 .text._StartSysView
                0x0000000008004c8c       0x1e ./ThirdParty/SEGGER/Rec/segger_uart.o
 *fill*         0x0000000008004caa        0x2 
 .text._cbOnUARTRx
                0x0000000008004cac       0x40 ./ThirdParty/SEGGER/Rec/segger_uart.o
 .text._cbOnUARTTx
                0x0000000008004cec       0x64 ./ThirdParty/SEGGER/Rec/segger_uart.o
 .text.SEGGER_UART_init
                0x0000000008004d50       0x24 ./ThirdParty/SEGGER/Rec/segger_uart.o
                0x0000000008004d50                SEGGER_UART_init
 .text.USART2_IRQHandler
                0x0000000008004d74       0x94 ./ThirdParty/SEGGER/Rec/segger_uart.o
                0x0000000008004d74                USART2_IRQHandler
 .text.HIF_UART_EnableTXEInterrupt
                0x0000000008004e08       0x20 ./ThirdParty/SEGGER/Rec/segger_uart.o
                0x0000000008004e08                HIF_UART_EnableTXEInterrupt
 .text.HIF_UART_Init
                0x0000000008004e28       0xf4 ./ThirdParty/SEGGER/Rec/segger_uart.o
                0x0000000008004e28                HIF_UART_Init
 .text._DoInit  0x0000000008004f1c       0xb0 ./ThirdParty/SEGGER/SEGGER/SEGGER_RTT.o
 .text._WriteBlocking
                0x0000000008004fcc       0xba ./ThirdParty/SEGGER/SEGGER/SEGGER_RTT.o
 .text._WriteNoCheck
                0x0000000008005086       0x90 ./ThirdParty/SEGGER/SEGGER/SEGGER_RTT.o
 .text._GetAvailWriteSpace
                0x0000000008005116       0x46 ./ThirdParty/SEGGER/SEGGER/SEGGER_RTT.o
 .text.SEGGER_RTT_ReadUpBufferNoLock
                0x000000000800515c      0x10c ./ThirdParty/SEGGER/SEGGER/SEGGER_RTT.o
                0x000000000800515c                SEGGER_RTT_ReadUpBufferNoLock
 .text.SEGGER_RTT_ReadNoLock
                0x0000000008005268      0x10c ./ThirdParty/SEGGER/SEGGER/SEGGER_RTT.o
                0x0000000008005268                SEGGER_RTT_ReadNoLock
 .text.SEGGER_RTT_WriteDownBufferNoLock
                0x0000000008005374       0xa0 ./ThirdParty/SEGGER/SEGGER/SEGGER_RTT.o
                0x0000000008005374                SEGGER_RTT_WriteDownBufferNoLock
 .text.SEGGER_RTT_WriteDownBuffer
                0x0000000008005414       0x4c ./ThirdParty/SEGGER/SEGGER/SEGGER_RTT.o
                0x0000000008005414                SEGGER_RTT_WriteDownBuffer
 .text.SEGGER_RTT_AllocUpBuffer
                0x0000000008005460      0x108 ./ThirdParty/SEGGER/SEGGER/SEGGER_RTT.o
                0x0000000008005460                SEGGER_RTT_AllocUpBuffer
 .text.SEGGER_RTT_ConfigDownBuffer
                0x0000000008005568       0xe0 ./ThirdParty/SEGGER/SEGGER/SEGGER_RTT.o
                0x0000000008005568                SEGGER_RTT_ConfigDownBuffer
 .text._EncodeStr
                0x0000000008005648       0x9a ./ThirdParty/SEGGER/SEGGER/SEGGER_SYSVIEW.o
 .text._PreparePacket
                0x00000000080056e2       0x18 ./ThirdParty/SEGGER/SEGGER/SEGGER_SYSVIEW.o
 *fill*         0x00000000080056fa        0x2 
 .text._HandleIncomingPacket
                0x00000000080056fc       0xe4 ./ThirdParty/SEGGER/SEGGER/SEGGER_SYSVIEW.o
 .text._TrySendOverflowPacket
                0x00000000080057e0       0xe8 ./ThirdParty/SEGGER/SEGGER/SEGGER_SYSVIEW.o
 .text._SendPacket
                0x00000000080058c8      0x1d0 ./ThirdParty/SEGGER/SEGGER/SEGGER_SYSVIEW.o
 .text.SEGGER_SYSVIEW_Init
                0x0000000008005a98       0x88 ./ThirdParty/SEGGER/SEGGER/SEGGER_SYSVIEW.o
                0x0000000008005a98                SEGGER_SYSVIEW_Init
 .text.SEGGER_SYSVIEW_SetRAMBase
                0x0000000008005b20       0x20 ./ThirdParty/SEGGER/SEGGER/SEGGER_SYSVIEW.o
                0x0000000008005b20                SEGGER_SYSVIEW_SetRAMBase
 .text.SEGGER_SYSVIEW_RecordVoid
                0x0000000008005b40       0x3c ./ThirdParty/SEGGER/SEGGER/SEGGER_SYSVIEW.o
                0x0000000008005b40                SEGGER_SYSVIEW_RecordVoid
 .text.SEGGER_SYSVIEW_RecordU32
                0x0000000008005b7c       0x78 ./ThirdParty/SEGGER/SEGGER/SEGGER_SYSVIEW.o
                0x0000000008005b7c                SEGGER_SYSVIEW_RecordU32
 .text.SEGGER_SYSVIEW_RecordU32x2
                0x0000000008005bf4       0xb4 ./ThirdParty/SEGGER/SEGGER/SEGGER_SYSVIEW.o
                0x0000000008005bf4                SEGGER_SYSVIEW_RecordU32x2
 .text.SEGGER_SYSVIEW_RecordU32x3
                0x0000000008005ca8       0xec ./ThirdParty/SEGGER/SEGGER/SEGGER_SYSVIEW.o
                0x0000000008005ca8                SEGGER_SYSVIEW_RecordU32x3
 .text.SEGGER_SYSVIEW_RecordU32x4
                0x0000000008005d94      0x124 ./ThirdParty/SEGGER/SEGGER/SEGGER_SYSVIEW.o
                0x0000000008005d94                SEGGER_SYSVIEW_RecordU32x4
 .text.SEGGER_SYSVIEW_Start
                0x0000000008005eb8      0x178 ./ThirdParty/SEGGER/SEGGER/SEGGER_SYSVIEW.o
                0x0000000008005eb8                SEGGER_SYSVIEW_Start
 .text.SEGGER_SYSVIEW_Stop
                0x0000000008006030       0x4c ./ThirdParty/SEGGER/SEGGER/SEGGER_SYSVIEW.o
                0x0000000008006030                SEGGER_SYSVIEW_Stop
 .text.SEGGER_SYSVIEW_GetSysDesc
                0x000000000800607c      0x134 ./ThirdParty/SEGGER/SEGGER/SEGGER_SYSVIEW.o
                0x000000000800607c                SEGGER_SYSVIEW_GetSysDesc
 .text.SEGGER_SYSVIEW_SendTaskInfo
                0x00000000080061b0      0x1c8 ./ThirdParty/SEGGER/SEGGER/SEGGER_SYSVIEW.o
                0x00000000080061b0                SEGGER_SYSVIEW_SendTaskInfo
 .text.SEGGER_SYSVIEW_SendTaskList
                0x0000000008006378       0x28 ./ThirdParty/SEGGER/SEGGER/SEGGER_SYSVIEW.o
                0x0000000008006378                SEGGER_SYSVIEW_SendTaskList
 .text.SEGGER_SYSVIEW_SendSysDesc
                0x00000000080063a0       0x48 ./ThirdParty/SEGGER/SEGGER/SEGGER_SYSVIEW.o
                0x00000000080063a0                SEGGER_SYSVIEW_SendSysDesc
 .text.SEGGER_SYSVIEW_RecordSystime
                0x00000000080063e8       0x64 ./ThirdParty/SEGGER/SEGGER/SEGGER_SYSVIEW.o
                0x00000000080063e8                SEGGER_SYSVIEW_RecordSystime
 .text.SEGGER_SYSVIEW_RecordEnterISR
                0x000000000800644c       0x84 ./ThirdParty/SEGGER/SEGGER/SEGGER_SYSVIEW.o
                0x000000000800644c                SEGGER_SYSVIEW_RecordEnterISR
 .text.SEGGER_SYSVIEW_RecordExitISR
                0x00000000080064d0       0x38 ./ThirdParty/SEGGER/SEGGER/SEGGER_SYSVIEW.o
                0x00000000080064d0                SEGGER_SYSVIEW_RecordExitISR
 .text.SEGGER_SYSVIEW_RecordExitISRToScheduler
                0x0000000008006508       0x38 ./ThirdParty/SEGGER/SEGGER/SEGGER_SYSVIEW.o
                0x0000000008006508                SEGGER_SYSVIEW_RecordExitISRToScheduler
 .text.SEGGER_SYSVIEW_OnIdle
                0x0000000008006540       0x38 ./ThirdParty/SEGGER/SEGGER/SEGGER_SYSVIEW.o
                0x0000000008006540                SEGGER_SYSVIEW_OnIdle
 .text.SEGGER_SYSVIEW_OnTaskCreate
                0x0000000008006578       0x84 ./ThirdParty/SEGGER/SEGGER/SEGGER_SYSVIEW.o
                0x0000000008006578                SEGGER_SYSVIEW_OnTaskCreate
 .text.SEGGER_SYSVIEW_OnTaskStartExec
                0x00000000080065fc       0x84 ./ThirdParty/SEGGER/SEGGER/SEGGER_SYSVIEW.o
                0x00000000080065fc                SEGGER_SYSVIEW_OnTaskStartExec
 .text.SEGGER_SYSVIEW_OnTaskStartReady
                0x0000000008006680       0x84 ./ThirdParty/SEGGER/SEGGER/SEGGER_SYSVIEW.o
                0x0000000008006680                SEGGER_SYSVIEW_OnTaskStartReady
 .text.SEGGER_SYSVIEW_OnTaskStopReady
                0x0000000008006704       0xc0 ./ThirdParty/SEGGER/SEGGER/SEGGER_SYSVIEW.o
                0x0000000008006704                SEGGER_SYSVIEW_OnTaskStopReady
 .text.SEGGER_SYSVIEW_ShrinkId
                0x00000000080067c4       0x20 ./ThirdParty/SEGGER/SEGGER/SEGGER_SYSVIEW.o
                0x00000000080067c4                SEGGER_SYSVIEW_ShrinkId
 .text.SEGGER_SYSVIEW_SendModule
                0x00000000080067e4      0x100 ./ThirdParty/SEGGER/SEGGER/SEGGER_SYSVIEW.o
                0x00000000080067e4                SEGGER_SYSVIEW_SendModule
 .text.SEGGER_SYSVIEW_SendModuleDescription
                0x00000000080068e4       0x3c ./ThirdParty/SEGGER/SEGGER/SEGGER_SYSVIEW.o
                0x00000000080068e4                SEGGER_SYSVIEW_SendModuleDescription
 .text.SEGGER_SYSVIEW_SendNumModules
                0x0000000008006920       0x7c ./ThirdParty/SEGGER/SEGGER/SEGGER_SYSVIEW.o
                0x0000000008006920                SEGGER_SYSVIEW_SendNumModules
 .text.SEGGER_SYSVIEW_Warn
                0x000000000800699c       0xb8 ./ThirdParty/SEGGER/SEGGER/SEGGER_SYSVIEW.o
                0x000000000800699c                SEGGER_SYSVIEW_Warn
 .text.SEGGER_SYSVIEW_IsStarted
                0x0000000008006a54       0x5c ./ThirdParty/SEGGER/SEGGER/SEGGER_SYSVIEW.o
                0x0000000008006a54                SEGGER_SYSVIEW_IsStarted
 .text.__libc_init_array
                0x0000000008006ab0       0x48 c:/st/stm32cubeide_1.8.0/stm32cubeide/plugins/com.st.stm32cube.ide.mcu.externaltools.gnu-tools-for-stm32.9-2020-q2-update.win32_2.0.0.202105311346/tools/bin/../lib/gcc/arm-none-eabi/9.3.1/../../../../arm-none-eabi/lib/thumb/v7e-m+fp/hard\libc_nano.a(lib_a-init.o)
                0x0000000008006ab0                __libc_init_array
 .text.memcmp   0x0000000008006af8       0x1c c:/st/stm32cubeide_1.8.0/stm32cubeide/plugins/com.st.stm32cube.ide.mcu.externaltools.gnu-tools-for-stm32.9-2020-q2-update.win32_2.0.0.202105311346/tools/bin/../lib/gcc/arm-none-eabi/9.3.1/../../../../arm-none-eabi/lib/thumb/v7e-m+fp/hard\libc_nano.a(lib_a-memcmp.o)
                0x0000000008006af8                memcmp
 .text.memcpy   0x0000000008006b14       0x1c c:/st/stm32cubeide_1.8.0/stm32cubeide/plugins/com.st.stm32cube.ide.mcu.externaltools.gnu-tools-for-stm32.9-2020-q2-update.win32_2.0.0.202105311346/tools/bin/../lib/gcc/arm-none-eabi/9.3.1/../../../../arm-none-eabi/lib/thumb/v7e-m+fp/hard\libc_nano.a(lib_a-memcpy-stub.o)
                0x0000000008006b14                memcpy
 .text.memset   0x0000000008006b30       0x10 c:/st/stm32cubeide_1.8.0/stm32cubeide/plugins/com.st.stm32cube.ide.mcu.externaltools.gnu-tools-for-stm32.9-2020-q2-update.win32_2.0.0.202105311346/tools/bin/../lib/gcc/arm-none-eabi/9.3.1/../../../../arm-none-eabi/lib/thumb/v7e-m+fp/hard\libc_nano.a(lib_a-memset.o)
                0x0000000008006b30                memset
 *(.glue_7)
 .glue_7        0x0000000008006b40        0x0 linker stubs
 *(.glue_7t)
 .glue_7t       0x0000000008006b40        0x0 linker stubs
 *(.eh_frame)
 .eh_frame      0x0000000008006b40        0x0 c:/st/stm32cubeide_1.8.0/stm32cubeide/plugins/com.st.stm32cube.ide.mcu.externaltools.gnu-tools-for-stm32.9-2020-q2-update.win32_2.0.0.202105311346/tools/bin/../lib/gcc/arm-none-eabi/9.3.1/thumb/v7e-m+fp/hard/crtbegin.o
 *(.init)
 .init          0x0000000008006b40        0x4 c:/st/stm32cubeide_1.8.0/stm32cubeide/plugins/com.st.stm32cube.ide.mcu.externaltools.gnu-tools-for-stm32.9-2020-q2-update.win32_2.0.0.202105311346/tools/bin/../lib/gcc/arm-none-eabi/9.3.1/thumb/v7e-m+fp/hard/crti.o
                0x0000000008006b40                _init
 .init          0x0000000008006b44        0x8 c:/st/stm32cubeide_1.8.0/stm32cubeide/plugins/com.st.stm32cube.ide.mcu.externaltools.gnu-tools-for-stm32.9-2020-q2-update.win32_2.0.0.202105311346/tools/bin/../lib/gcc/arm-none-eabi/9.3.1/thumb/v7e-m+fp/hard/crtn.o
 *(.fini)
 .fini          0x0000000008006b4c        0x4 c:/st/stm32cubeide_1.8.0/stm32cubeide/plugins/com.st.stm32cube.ide.mcu.externaltools.gnu-tools-for-stm32.9-2020-q2-update.win32_2.0.0.202105311346/tools/bin/../lib/gcc/arm-none-eabi/9.3.1/thumb/v7e-m+fp/hard/crti.o
                0x0000000008006b4c                _fini
 .fini          0x0000000008006b50        0x8 c:/st/stm32cubeide_1.8.0/stm32cubeide/plugins/com.st.stm32cube.ide.mcu.externaltools.gnu-tools-for-stm32.9-2020-q2-update.win32_2.0.0.202105311346/tools/bin/../lib/gcc/arm-none-eabi/9.3.1/thumb/v7e-m+fp/hard/crtn.o
                0x0000000008006b58                . = ALIGN (0x4)
                0x0000000008006b58                _etext = .

.vfp11_veneer   0x0000000008006b58        0x0
 .vfp11_veneer  0x0000000008006b58        0x0 linker stubs

.v4_bx          0x0000000008006b58        0x0
 .v4_bx         0x0000000008006b58        0x0 linker stubs

.iplt           0x0000000008006b58        0x0
 .iplt          0x0000000008006b58        0x0 c:/st/stm32cubeide_1.8.0/stm32cubeide/plugins/com.st.stm32cube.ide.mcu.externaltools.gnu-tools-for-stm32.9-2020-q2-update.win32_2.0.0.202105311346/tools/bin/../lib/gcc/arm-none-eabi/9.3.1/thumb/v7e-m+fp/hard/crtbegin.o

.rodata         0x0000000008006b58      0x12c
                0x0000000008006b58                . = ALIGN (0x4)
 *(.rodata)
 .rodata        0x0000000008006b58       0x1f ./Core/Src/main.o
 *fill*         0x0000000008006b77        0x1 
 .rodata        0x0000000008006b78        0x5 ./ThirdParty/FreeRTOS/tasks.o
 *fill*         0x0000000008006b7d        0x3 
 .rodata        0x0000000008006b80        0xd ./ThirdParty/FreeRTOS/timers.o
 *fill*         0x0000000008006b8d        0x3 
 .rodata        0x0000000008006b90       0x49 ./ThirdParty/SEGGER/Config/SEGGER_SYSVIEW_Config_FreeRTOS.o
 *fill*         0x0000000008006bd9        0x3 
 .rodata        0x0000000008006bdc       0x58 ./ThirdParty/SEGGER/OS/SEGGER_SYSVIEW_FreeRTOS.o
 .rodata        0x0000000008006c34       0x17 ./ThirdParty/SEGGER/SEGGER/SEGGER_RTT.o
 *fill*         0x0000000008006c4b        0x1 
 .rodata        0x0000000008006c4c        0x8 ./ThirdParty/SEGGER/SEGGER/SEGGER_SYSVIEW.o
 *(.rodata*)
 .rodata.AHBPrescTable
                0x0000000008006c54       0x10 ./Core/Src/system_stm32f4xx.o
                0x0000000008006c54                AHBPrescTable
 .rodata.APBPrescTable
                0x0000000008006c64        0x8 ./Core/Src/system_stm32f4xx.o
                0x0000000008006c64                APBPrescTable
 .rodata.SYSVIEW_X_OS_TraceAPI
                0x0000000008006c6c        0x8 ./ThirdParty/SEGGER/OS/SEGGER_SYSVIEW_FreeRTOS.o
                0x0000000008006c6c                SYSVIEW_X_OS_TraceAPI
 .rodata._abHelloMsg
                0x0000000008006c74        0x4 ./ThirdParty/SEGGER/Rec/segger_uart.o
 .rodata._abSync
                0x0000000008006c78        0xa ./ThirdParty/SEGGER/SEGGER/SEGGER_SYSVIEW.o
                0x0000000008006c84                . = ALIGN (0x4)
 *fill*         0x0000000008006c82        0x2 

.ARM.extab      0x0000000008006c84        0x0
                0x0000000008006c84                . = ALIGN (0x4)
 *(.ARM.extab* .gnu.linkonce.armextab.*)
                0x0000000008006c84                . = ALIGN (0x4)

.ARM            0x0000000008006c84        0x8
                0x0000000008006c84                . = ALIGN (0x4)
                0x0000000008006c84                __exidx_start = .
 *(.ARM.exidx*)
 .ARM.exidx     0x0000000008006c84        0x8 c:/st/stm32cubeide_1.8.0/stm32cubeide/plugins/com.st.stm32cube.ide.mcu.externaltools.gnu-tools-for-stm32.9-2020-q2-update.win32_2.0.0.202105311346/tools/bin/../lib/gcc/arm-none-eabi/9.3.1/thumb/v7e-m+fp/hard\libgcc.a(_udivmoddi4.o)
                0x0000000008006c8c                __exidx_end = .
                0x0000000008006c8c                . = ALIGN (0x4)

.rel.dyn        0x0000000008006c8c        0x0
 .rel.iplt      0x0000000008006c8c        0x0 c:/st/stm32cubeide_1.8.0/stm32cubeide/plugins/com.st.stm32cube.ide.mcu.externaltools.gnu-tools-for-stm32.9-2020-q2-update.win32_2.0.0.202105311346/tools/bin/../lib/gcc/arm-none-eabi/9.3.1/thumb/v7e-m+fp/hard/crtbegin.o

.preinit_array  0x0000000008006c8c        0x0
                0x0000000008006c8c                . = ALIGN (0x4)
                0x0000000008006c8c                PROVIDE (__preinit_array_start = .)
 *(.preinit_array*)
                0x0000000008006c8c                PROVIDE (__preinit_array_end = .)
                0x0000000008006c8c                . = ALIGN (0x4)

.init_array     0x0000000008006c8c        0x4
                0x0000000008006c8c                . = ALIGN (0x4)
                0x0000000008006c8c                PROVIDE (__init_array_start = .)
 *(SORT_BY_NAME(.init_array.*))
 *(.init_array*)
 .init_array    0x0000000008006c8c        0x4 c:/st/stm32cubeide_1.8.0/stm32cubeide/plugins/com.st.stm32cube.ide.mcu.externaltools.gnu-tools-for-stm32.9-2020-q2-update.win32_2.0.0.202105311346/tools/bin/../lib/gcc/arm-none-eabi/9.3.1/thumb/v7e-m+fp/hard/crtbegin.o
                0x0000000008006c90                PROVIDE (__init_array_end = .)
                0x0000000008006c90                . = ALIGN (0x4)

.fini_array     0x0000000008006c90        0x4
                0x0000000008006c90                . = ALIGN (0x4)
                [!provide]                        PROVIDE (__fini_array_start = .)
 *(SORT_BY_NAME(.fini_array.*))
 *(.fini_array*)
 .fini_array    0x0000000008006c90        0x4 c:/st/stm32cubeide_1.8.0/stm32cubeide/plugins/com.st.stm32cube.ide.mcu.externaltools.gnu-tools-for-stm32.9-2020-q2-update.win32_2.0.0.202105311346/tools/bin/../lib/gcc/arm-none-eabi/9.3.1/thumb/v7e-m+fp/hard/crtbegin.o
                [!provide]                        PROVIDE (__fini_array_end = .)
                0x0000000008006c94                . = ALIGN (0x4)
                0x0000000008006c94                _sidata = LOADADDR (.data)

.data           0x0000000020000000       0x1c load address 0x0000000008006c94
                0x0000000020000000                . = ALIGN (0x4)
                0x0000000020000000                _sdata = .
 *(.data)
 *(.data*)
 .data.SystemCoreClock
                0x0000000020000000        0x4 ./Core/Src/system_stm32f4xx.o
                0x0000000020000000                SystemCoreClock
 .data.uwTickPrio
                0x0000000020000004        0x4 ./Drivers/STM32F4xx_HAL_Driver/Src/stm32f4xx_hal.o
                0x0000000020000004                uwTickPrio
 .data.uwTickFreq
                0x0000000020000008        0x1 ./Drivers/STM32F4xx_HAL_Driver/Src/stm32f4xx_hal.o
                0x0000000020000008                uwTickFreq
 *fill*         0x0000000020000009        0x3 
 .data.uxTopUsedPriority
                0x000000002000000c        0x4 ./ThirdParty/FreeRTOS/tasks.o
                0x000000002000000c                uxTopUsedPriority
 .data.uxCriticalNesting
                0x0000000020000010        0x4 ./ThirdParty/FreeRTOS/portable/GCC/ARM_CM4F/port.o
 .data._SVInfo  0x0000000020000014        0x8 ./ThirdParty/SEGGER/Rec/segger_uart.o
 *(.RamFunc)
 *(.RamFunc*)
                0x000000002000001c                . = ALIGN (0x4)
                0x000000002000001c                _edata = .
                0x0000000008006cb0                _siccmram = LOADADDR (.ccmram)

.igot.plt       0x000000002000001c        0x0 load address 0x0000000008006cb0
 .igot.plt      0x000000002000001c        0x0 c:/st/stm32cubeide_1.8.0/stm32cubeide/plugins/com.st.stm32cube.ide.mcu.externaltools.gnu-tools-for-stm32.9-2020-q2-update.win32_2.0.0.202105311346/tools/bin/../lib/gcc/arm-none-eabi/9.3.1/thumb/v7e-m+fp/hard/crtbegin.o

.ccmram         0x0000000010000000        0x0 load address 0x0000000008006cb0
                0x0000000010000000                . = ALIGN (0x4)
                0x0000000010000000                _sccmram = .
 *(.ccmram)
 *(.ccmram*)
                0x0000000010000000                . = ALIGN (0x4)
                0x0000000010000000                _eccmram = .
                0x0000000010000000                . = ALIGN (0x4)

.bss            0x000000002000001c    0x14490
                0x000000002000001c                _sbss = .
                0x000000002000001c                __bss_start__ = _sbss
 *(.bss)
 .bss           0x000000002000001c       0x1c c:/st/stm32cubeide_1.8.0/stm32cubeide/plugins/com.st.stm32cube.ide.mcu.externaltools.gnu-tools-for-stm32.9-2020-q2-update.win32_2.0.0.202105311346/tools/bin/../lib/gcc/arm-none-eabi/9.3.1/thumb/v7e-m+fp/hard/crtbegin.o
 *(.bss*)
 .bss.pxCurrentTCB
                0x0000000020000038        0x4 ./ThirdParty/FreeRTOS/tasks.o
                0x0000000020000038                pxCurrentTCB
 .bss.pxReadyTasksLists
                0x000000002000003c       0x64 ./ThirdParty/FreeRTOS/tasks.o
 .bss.xDelayedTaskList1
                0x00000000200000a0       0x14 ./ThirdParty/FreeRTOS/tasks.o
 .bss.xDelayedTaskList2
                0x00000000200000b4       0x14 ./ThirdParty/FreeRTOS/tasks.o
 .bss.pxDelayedTaskList
                0x00000000200000c8        0x4 ./ThirdParty/FreeRTOS/tasks.o
 .bss.pxOverflowDelayedTaskList
                0x00000000200000cc        0x4 ./ThirdParty/FreeRTOS/tasks.o
 .bss.xPendingReadyList
                0x00000000200000d0       0x14 ./ThirdParty/FreeRTOS/tasks.o
 .bss.xTasksWaitingTermination
                0x00000000200000e4       0x14 ./ThirdParty/FreeRTOS/tasks.o
 .bss.uxDeletedTasksWaitingCleanUp
                0x00000000200000f8        0x4 ./ThirdParty/FreeRTOS/tasks.o
 .bss.xSuspendedTaskList
                0x00000000200000fc       0x14 ./ThirdParty/FreeRTOS/tasks.o
 .bss.uxCurrentNumberOfTasks
                0x0000000020000110        0x4 ./ThirdParty/FreeRTOS/tasks.o
 .bss.xTickCount
                0x0000000020000114        0x4 ./ThirdParty/FreeRTOS/tasks.o
 .bss.uxTopReadyPriority
                0x0000000020000118        0x4 ./ThirdParty/FreeRTOS/tasks.o
 .bss.xSchedulerRunning
                0x000000002000011c        0x4 ./ThirdParty/FreeRTOS/tasks.o
 .bss.xPendedTicks
                0x0000000020000120        0x4 ./ThirdParty/FreeRTOS/tasks.o
 .bss.xYieldPending
                0x0000000020000124        0x4 ./ThirdParty/FreeRTOS/tasks.o
 .bss.xNumOfOverflows
                0x0000000020000128        0x4 ./ThirdParty/FreeRTOS/tasks.o
 .bss.uxTaskNumber
                0x000000002000012c        0x4 ./ThirdParty/FreeRTOS/tasks.o
 .bss.xNextTaskUnblockTime
                0x0000000020000130        0x4 ./ThirdParty/FreeRTOS/tasks.o
 .bss.xIdleTaskHandle
                0x0000000020000134        0x4 ./ThirdParty/FreeRTOS/tasks.o
 .bss.uxSchedulerSuspended
                0x0000000020000138        0x4 ./ThirdParty/FreeRTOS/tasks.o
 .bss.xActiveTimerList1
                0x000000002000013c       0x14 ./ThirdParty/FreeRTOS/timers.o
 .bss.xActiveTimerList2
                0x0000000020000150       0x14 ./ThirdParty/FreeRTOS/timers.o
 .bss.pxCurrentTimerList
                0x0000000020000164        0x4 ./ThirdParty/FreeRTOS/timers.o
 .bss.pxOverflowTimerList
                0x0000000020000168        0x4 ./ThirdParty/FreeRTOS/timers.o
 .bss.xTimerQueue
                0x000000002000016c        0x4 ./ThirdParty/FreeRTOS/timers.o
 .bss.xTimerTaskHandle
                0x0000000020000170        0x4 ./ThirdParty/FreeRTOS/timers.o
 .bss.xLastTime.7308
                0x0000000020000174        0x4 ./ThirdParty/FreeRTOS/timers.o
 .bss.ucMaxSysCallPriority
                0x0000000020000178        0x1 ./ThirdParty/FreeRTOS/portable/GCC/ARM_CM4F/port.o
 *fill*         0x0000000020000179        0x3 
 .bss.ulMaxPRIGROUPValue
                0x000000002000017c        0x4 ./ThirdParty/FreeRTOS/portable/GCC/ARM_CM4F/port.o
 .bss.ucHeap    0x0000000020000180    0x12c00 ./ThirdParty/FreeRTOS/portable/MemMang/heap_4.o
 .bss.xStart    0x0000000020012d80        0x8 ./ThirdParty/FreeRTOS/portable/MemMang/heap_4.o
 .bss.pxEnd     0x0000000020012d88        0x4 ./ThirdParty/FreeRTOS/portable/MemMang/heap_4.o
 .bss.xFreeBytesRemaining
                0x0000000020012d8c        0x4 ./ThirdParty/FreeRTOS/portable/MemMang/heap_4.o
 .bss.xMinimumEverFreeBytesRemaining
                0x0000000020012d90        0x4 ./ThirdParty/FreeRTOS/portable/MemMang/heap_4.o
 .bss.xNumberOfSuccessfulAllocations
                0x0000000020012d94        0x4 ./ThirdParty/FreeRTOS/portable/MemMang/heap_4.o
 .bss.xNumberOfSuccessfulFrees
                0x0000000020012d98        0x4 ./ThirdParty/FreeRTOS/portable/MemMang/heap_4.o
 .bss.xBlockAllocatedBit
                0x0000000020012d9c        0x4 ./ThirdParty/FreeRTOS/portable/MemMang/heap_4.o
 .bss._aTasks   0x0000000020012da0       0xa0 ./ThirdParty/SEGGER/OS/SEGGER_SYSVIEW_FreeRTOS.o
 .bss._NumTasks
                0x0000000020012e40        0x4 ./ThirdParty/SEGGER/OS/SEGGER_SYSVIEW_FreeRTOS.o
 .bss._cbOnRx   0x0000000020012e44        0x4 ./ThirdParty/SEGGER/Rec/segger_uart.o
 .bss._cbOnTx   0x0000000020012e48        0x4 ./ThirdParty/SEGGER/Rec/segger_uart.o
 .bss._acUpBuffer
                0x0000000020012e4c      0x400 ./ThirdParty/SEGGER/SEGGER/SEGGER_RTT.o
 .bss._acDownBuffer
                0x000000002001324c       0x10 ./ThirdParty/SEGGER/SEGGER/SEGGER_RTT.o
 .bss._UpBuffer
                0x000000002001325c     0x1000 ./ThirdParty/SEGGER/SEGGER/SEGGER_SYSVIEW.o
 .bss._DownBuffer
                0x000000002001425c        0x8 ./ThirdParty/SEGGER/SEGGER/SEGGER_SYSVIEW.o
 .bss._SYSVIEW_Globals
                0x0000000020014264       0x28 ./ThirdParty/SEGGER/SEGGER/SEGGER_SYSVIEW.o
 .bss._pFirstModule
                0x000000002001428c        0x4 ./ThirdParty/SEGGER/SEGGER/SEGGER_SYSVIEW.o
 .bss._NumModules
                0x0000000020014290        0x1 ./ThirdParty/SEGGER/SEGGER/SEGGER_SYSVIEW.o
 *fill*         0x0000000020014291        0x3 
 .bss._aPacket  0x0000000020014294       0xe3 ./ThirdParty/SEGGER/SEGGER/SEGGER_SYSVIEW.o
 *(COMMON)
 *fill*         0x0000000020014377        0x1 
 COMMON         0x0000000020014378       0x48 ./Core/Src/stm32f4xx_hal_timebase_tim.o
                0x0000000020014378                htim6
 COMMON         0x00000000200143c0        0x4 ./Drivers/STM32F4xx_HAL_Driver/Src/stm32f4xx_hal.o
                0x00000000200143c0                uwTick
 COMMON         0x00000000200143c4       0x40 ./ThirdParty/FreeRTOS/queue.o
                0x00000000200143c4                xQueueRegistry
 COMMON         0x0000000020014404       0xa8 ./ThirdParty/SEGGER/SEGGER/SEGGER_RTT.o
                0x0000000020014404                _SEGGER_RTT
                0x00000000200144ac                . = ALIGN (0x4)
                0x00000000200144ac                _ebss = .
                0x00000000200144ac                __bss_end__ = _ebss

._user_heap_stack
                0x00000000200144ac      0x604
                0x00000000200144b0                . = ALIGN (0x8)
 *fill*         0x00000000200144ac        0x4 
                [!provide]                        PROVIDE (end = .)
                [!provide]                        PROVIDE (_end = .)
                0x00000000200146b0                . = (. + _Min_Heap_Size)
 *fill*         0x00000000200144b0      0x200 
                0x0000000020014ab0                . = (. + _Min_Stack_Size)
 *fill*         0x00000000200146b0      0x400 
                0x0000000020014ab0                . = ALIGN (0x8)

/DISCARD/
 libc.a(*)
 libm.a(*)
 libgcc.a(*)

.ARM.attributes
                0x0000000000000000       0x30
 *(.ARM.attributes)
 .ARM.attributes
                0x0000000000000000       0x1e c:/st/stm32cubeide_1.8.0/stm32cubeide/plugins/com.st.stm32cube.ide.mcu.externaltools.gnu-tools-for-stm32.9-2020-q2-update.win32_2.0.0.202105311346/tools/bin/../lib/gcc/arm-none-eabi/9.3.1/thumb/v7e-m+fp/hard/crti.o
 .ARM.attributes
                0x000000000000001e       0x34 c:/st/stm32cubeide_1.8.0/stm32cubeide/plugins/com.st.stm32cube.ide.mcu.externaltools.gnu-tools-for-stm32.9-2020-q2-update.win32_2.0.0.202105311346/tools/bin/../lib/gcc/arm-none-eabi/9.3.1/thumb/v7e-m+fp/hard/crtbegin.o
 .ARM.attributes
                0x0000000000000052       0x34 ./Core/Src/main.o
 .ARM.attributes
                0x0000000000000086       0x34 ./Core/Src/stm32f4xx_hal_msp.o
 .ARM.attributes
                0x00000000000000ba       0x34 ./Core/Src/stm32f4xx_hal_timebase_tim.o
 .ARM.attributes
                0x00000000000000ee       0x34 ./Core/Src/stm32f4xx_it.o
 .ARM.attributes
                0x0000000000000122       0x34 ./Core/Src/system_stm32f4xx.o
 .ARM.attributes
                0x0000000000000156       0x21 ./Core/Startup/startup_stm32f407vgtx.o
 .ARM.attributes
                0x0000000000000177       0x34 ./Drivers/STM32F4xx_HAL_Driver/Src/stm32f4xx_hal.o
 .ARM.attributes
                0x00000000000001ab       0x34 ./Drivers/STM32F4xx_HAL_Driver/Src/stm32f4xx_hal_cortex.o
 .ARM.attributes
                0x00000000000001df       0x34 ./Drivers/STM32F4xx_HAL_Driver/Src/stm32f4xx_hal_gpio.o
 .ARM.attributes
                0x0000000000000213       0x34 ./Drivers/STM32F4xx_HAL_Driver/Src/stm32f4xx_hal_rcc.o
 .ARM.attributes
                0x0000000000000247       0x34 ./Drivers/STM32F4xx_HAL_Driver/Src/stm32f4xx_hal_tim.o
 .ARM.attributes
                0x000000000000027b       0x34 ./Drivers/STM32F4xx_HAL_Driver/Src/stm32f4xx_hal_tim_ex.o
 .ARM.attributes
                0x00000000000002af       0x34 ./ThirdParty/FreeRTOS/list.o
 .ARM.attributes
                0x00000000000002e3       0x34 ./ThirdParty/FreeRTOS/queue.o
 .ARM.attributes
                0x0000000000000317       0x34 ./ThirdParty/FreeRTOS/tasks.o
 .ARM.attributes
                0x000000000000034b       0x34 ./ThirdParty/FreeRTOS/timers.o
 .ARM.attributes
                0x000000000000037f       0x34 ./ThirdParty/FreeRTOS/portable/GCC/ARM_CM4F/port.o
 .ARM.attributes
                0x00000000000003b3       0x34 ./ThirdParty/FreeRTOS/portable/MemMang/heap_4.o
 .ARM.attributes
                0x00000000000003e7       0x34 ./ThirdParty/SEGGER/Config/SEGGER_SYSVIEW_Config_FreeRTOS.o
 .ARM.attributes
                0x000000000000041b       0x34 ./ThirdParty/SEGGER/OS/SEGGER_SYSVIEW_FreeRTOS.o
 .ARM.attributes
                0x000000000000044f       0x34 ./ThirdParty/SEGGER/Rec/segger_uart.o
 .ARM.attributes
                0x0000000000000483       0x34 ./ThirdParty/SEGGER/SEGGER/SEGGER_RTT.o
 .ARM.attributes
                0x00000000000004b7       0x20 ./ThirdParty/SEGGER/SEGGER/SEGGER_RTT_ASM_ARMv7M.o
 .ARM.attributes
                0x00000000000004d7       0x34 ./ThirdParty/SEGGER/SEGGER/SEGGER_SYSVIEW.o
 .ARM.attributes
                0x000000000000050b       0x34 c:/st/stm32cubeide_1.8.0/stm32cubeide/plugins/com.st.stm32cube.ide.mcu.externaltools.gnu-tools-for-stm32.9-2020-q2-update.win32_2.0.0.202105311346/tools/bin/../lib/gcc/arm-none-eabi/9.3.1/../../../../arm-none-eabi/lib/thumb/v7e-m+fp/hard\libc_nano.a(lib_a-init.o)
 .ARM.attributes
                0x000000000000053f       0x34 c:/st/stm32cubeide_1.8.0/stm32cubeide/plugins/com.st.stm32cube.ide.mcu.externaltools.gnu-tools-for-stm32.9-2020-q2-update.win32_2.0.0.202105311346/tools/bin/../lib/gcc/arm-none-eabi/9.3.1/../../../../arm-none-eabi/lib/thumb/v7e-m+fp/hard\libc_nano.a(lib_a-memcmp.o)
 .ARM.attributes
                0x0000000000000573       0x34 c:/st/stm32cubeide_1.8.0/stm32cubeide/plugins/com.st.stm32cube.ide.mcu.externaltools.gnu-tools-for-stm32.9-2020-q2-update.win32_2.0.0.202105311346/tools/bin/../lib/gcc/arm-none-eabi/9.3.1/../../../../arm-none-eabi/lib/thumb/v7e-m+fp/hard\libc_nano.a(lib_a-memcpy-stub.o)
 .ARM.attributes
                0x00000000000005a7       0x34 c:/st/stm32cubeide_1.8.0/stm32cubeide/plugins/com.st.stm32cube.ide.mcu.externaltools.gnu-tools-for-stm32.9-2020-q2-update.win32_2.0.0.202105311346/tools/bin/../lib/gcc/arm-none-eabi/9.3.1/../../../../arm-none-eabi/lib/thumb/v7e-m+fp/hard\libc_nano.a(lib_a-memset.o)
 .ARM.attributes
                0x00000000000005db       0x1e c:/st/stm32cubeide_1.8.0/stm32cubeide/plugins/com.st.stm32cube.ide.mcu.externaltools.gnu-tools-for-stm32.9-2020-q2-update.win32_2.0.0.202105311346/tools/bin/../lib/gcc/arm-none-eabi/9.3.1/thumb/v7e-m+fp/hard\libgcc.a(_aeabi_uldivmod.o)
 .ARM.attributes
                0x00000000000005f9       0x34 c:/st/stm32cubeide_1.8.0/stm32cubeide/plugins/com.st.stm32cube.ide.mcu.externaltools.gnu-tools-for-stm32.9-2020-q2-update.win32_2.0.0.202105311346/tools/bin/../lib/gcc/arm-none-eabi/9.3.1/thumb/v7e-m+fp/hard\libgcc.a(_udivmoddi4.o)
 .ARM.attributes
                0x000000000000062d       0x1e c:/st/stm32cubeide_1.8.0/stm32cubeide/plugins/com.st.stm32cube.ide.mcu.externaltools.gnu-tools-for-stm32.9-2020-q2-update.win32_2.0.0.202105311346/tools/bin/../lib/gcc/arm-none-eabi/9.3.1/thumb/v7e-m+fp/hard\libgcc.a(_dvmd_tls.o)
 .ARM.attributes
                0x000000000000064b       0x1e c:/st/stm32cubeide_1.8.0/stm32cubeide/plugins/com.st.stm32cube.ide.mcu.externaltools.gnu-tools-for-stm32.9-2020-q2-update.win32_2.0.0.202105311346/tools/bin/../lib/gcc/arm-none-eabi/9.3.1/thumb/v7e-m+fp/hard/crtn.o
OUTPUT(002LED_tasks.elf elf32-littlearm)
LOAD linker stubs
LOAD c:/st/stm32cubeide_1.8.0/stm32cubeide/plugins/com.st.stm32cube.ide.mcu.externaltools.gnu-tools-for-stm32.9-2020-q2-update.win32_2.0.0.202105311346/tools/bin/../lib/gcc/arm-none-eabi/9.3.1/../../../../arm-none-eabi/lib/thumb/v7e-m+fp/hard\libc.a
LOAD c:/st/stm32cubeide_1.8.0/stm32cubeide/plugins/com.st.stm32cube.ide.mcu.externaltools.gnu-tools-for-stm32.9-2020-q2-update.win32_2.0.0.202105311346/tools/bin/../lib/gcc/arm-none-eabi/9.3.1/../../../../arm-none-eabi/lib/thumb/v7e-m+fp/hard\libm.a
LOAD c:/st/stm32cubeide_1.8.0/stm32cubeide/plugins/com.st.stm32cube.ide.mcu.externaltools.gnu-tools-for-stm32.9-2020-q2-update.win32_2.0.0.202105311346/tools/bin/../lib/gcc/arm-none-eabi/9.3.1/thumb/v7e-m+fp/hard\libgcc.a

.debug_info     0x0000000000000000    0x19e51
 .debug_info    0x0000000000000000     0x177c ./Core/Src/main.o
 .debug_info    0x000000000000177c      0x3b3 ./Core/Src/stm32f4xx_hal_msp.o
 .debug_info    0x0000000000001b2f      0xc6c ./Core/Src/stm32f4xx_hal_timebase_tim.o
 .debug_info    0x000000000000279b      0x7cb ./Core/Src/stm32f4xx_it.o
 .debug_info    0x0000000000002f66      0x5a4 ./Core/Src/system_stm32f4xx.o
 .debug_info    0x000000000000350a       0x22 ./Core/Startup/startup_stm32f407vgtx.o
 .debug_info    0x000000000000352c      0x9b2 ./Drivers/STM32F4xx_HAL_Driver/Src/stm32f4xx_hal.o
 .debug_info    0x0000000000003ede      0xed7 ./Drivers/STM32F4xx_HAL_Driver/Src/stm32f4xx_hal_cortex.o
 .debug_info    0x0000000000004db5      0x83e ./Drivers/STM32F4xx_HAL_Driver/Src/stm32f4xx_hal_gpio.o
 .debug_info    0x00000000000055f3      0x996 ./Drivers/STM32F4xx_HAL_Driver/Src/stm32f4xx_hal_rcc.o
 .debug_info    0x0000000000005f89     0x2c22 ./Drivers/STM32F4xx_HAL_Driver/Src/stm32f4xx_hal_tim.o
 .debug_info    0x0000000000008bab     0x15a2 ./Drivers/STM32F4xx_HAL_Driver/Src/stm32f4xx_hal_tim_ex.o
 .debug_info    0x000000000000a14d      0xb9a ./ThirdParty/FreeRTOS/list.o
 .debug_info    0x000000000000ace7     0x1ffc ./ThirdParty/FreeRTOS/queue.o
 .debug_info    0x000000000000cce3     0x2a1f ./ThirdParty/FreeRTOS/tasks.o
 .debug_info    0x000000000000f702     0x157f ./ThirdParty/FreeRTOS/timers.o
 .debug_info    0x0000000000010c81      0x5b1 ./ThirdParty/FreeRTOS/portable/GCC/ARM_CM4F/port.o
 .debug_info    0x0000000000011232      0xda4 ./ThirdParty/FreeRTOS/portable/MemMang/heap_4.o
 .debug_info    0x0000000000011fd6      0x131 ./ThirdParty/SEGGER/Config/SEGGER_SYSVIEW_Config_FreeRTOS.o
 .debug_info    0x0000000000012107      0xc58 ./ThirdParty/SEGGER/OS/SEGGER_SYSVIEW_FreeRTOS.o
 .debug_info    0x0000000000012d5f     0x139a ./ThirdParty/SEGGER/Rec/segger_uart.o
 .debug_info    0x00000000000140f9     0x1d4b ./ThirdParty/SEGGER/SEGGER/SEGGER_RTT.o
 .debug_info    0x0000000000015e44       0x26 ./ThirdParty/SEGGER/SEGGER/SEGGER_RTT_ASM_ARMv7M.o
 .debug_info    0x0000000000015e6a     0x3fe7 ./ThirdParty/SEGGER/SEGGER/SEGGER_SYSVIEW.o

.debug_abbrev   0x0000000000000000     0x3416
 .debug_abbrev  0x0000000000000000      0x30c ./Core/Src/main.o
 .debug_abbrev  0x000000000000030c      0x11d ./Core/Src/stm32f4xx_hal_msp.o
 .debug_abbrev  0x0000000000000429      0x1bf ./Core/Src/stm32f4xx_hal_timebase_tim.o
 .debug_abbrev  0x00000000000005e8      0x176 ./Core/Src/stm32f4xx_it.o
 .debug_abbrev  0x000000000000075e      0x145 ./Core/Src/system_stm32f4xx.o
 .debug_abbrev  0x00000000000008a3       0x12 ./Core/Startup/startup_stm32f407vgtx.o
 .debug_abbrev  0x00000000000008b5      0x1ed ./Drivers/STM32F4xx_HAL_Driver/Src/stm32f4xx_hal.o
 .debug_abbrev  0x0000000000000aa2      0x33c ./Drivers/STM32F4xx_HAL_Driver/Src/stm32f4xx_hal_cortex.o
 .debug_abbrev  0x0000000000000dde      0x1f1 ./Drivers/STM32F4xx_HAL_Driver/Src/stm32f4xx_hal_gpio.o
 .debug_abbrev  0x0000000000000fcf      0x275 ./Drivers/STM32F4xx_HAL_Driver/Src/stm32f4xx_hal_rcc.o
 .debug_abbrev  0x0000000000001244      0x25e ./Drivers/STM32F4xx_HAL_Driver/Src/stm32f4xx_hal_tim.o
 .debug_abbrev  0x00000000000014a2      0x266 ./Drivers/STM32F4xx_HAL_Driver/Src/stm32f4xx_hal_tim_ex.o
 .debug_abbrev  0x0000000000001708      0x1f7 ./ThirdParty/FreeRTOS/list.o
 .debug_abbrev  0x00000000000018ff      0x333 ./ThirdParty/FreeRTOS/queue.o
 .debug_abbrev  0x0000000000001c32      0x3a9 ./ThirdParty/FreeRTOS/tasks.o
 .debug_abbrev  0x0000000000001fdb      0x2fd ./ThirdParty/FreeRTOS/timers.o
 .debug_abbrev  0x00000000000022d8      0x231 ./ThirdParty/FreeRTOS/portable/GCC/ARM_CM4F/port.o
 .debug_abbrev  0x0000000000002509      0x2d3 ./ThirdParty/FreeRTOS/portable/MemMang/heap_4.o
 .debug_abbrev  0x00000000000027dc       0xc1 ./ThirdParty/SEGGER/Config/SEGGER_SYSVIEW_Config_FreeRTOS.o
 .debug_abbrev  0x000000000000289d      0x219 ./ThirdParty/SEGGER/OS/SEGGER_SYSVIEW_FreeRTOS.o
 .debug_abbrev  0x0000000000002ab6      0x2e0 ./ThirdParty/SEGGER/Rec/segger_uart.o
 .debug_abbrev  0x0000000000002d96      0x2e1 ./ThirdParty/SEGGER/SEGGER/SEGGER_RTT.o
 .debug_abbrev  0x0000000000003077       0x14 ./ThirdParty/SEGGER/SEGGER/SEGGER_RTT_ASM_ARMv7M.o
 .debug_abbrev  0x000000000000308b      0x38b ./ThirdParty/SEGGER/SEGGER/SEGGER_SYSVIEW.o

.debug_aranges  0x0000000000000000     0x1348
 .debug_aranges
                0x0000000000000000       0x58 ./Core/Src/main.o
 .debug_aranges
                0x0000000000000058       0x20 ./Core/Src/stm32f4xx_hal_msp.o
 .debug_aranges
                0x0000000000000078       0x30 ./Core/Src/stm32f4xx_hal_timebase_tim.o
 .debug_aranges
                0x00000000000000a8       0x50 ./Core/Src/stm32f4xx_it.o
 .debug_aranges
                0x00000000000000f8       0x28 ./Core/Src/system_stm32f4xx.o
 .debug_aranges
                0x0000000000000120       0x28 ./Core/Startup/startup_stm32f407vgtx.o
 .debug_aranges
                0x0000000000000148       0xf0 ./Drivers/STM32F4xx_HAL_Driver/Src/stm32f4xx_hal.o
 .debug_aranges
                0x0000000000000238      0x118 ./Drivers/STM32F4xx_HAL_Driver/Src/stm32f4xx_hal_cortex.o
 .debug_aranges
                0x0000000000000350       0x58 ./Drivers/STM32F4xx_HAL_Driver/Src/stm32f4xx_hal_gpio.o
 .debug_aranges
                0x00000000000003a8       0x88 ./Drivers/STM32F4xx_HAL_Driver/Src/stm32f4xx_hal_rcc.o
 .debug_aranges
                0x0000000000000430      0x3d0 ./Drivers/STM32F4xx_HAL_Driver/Src/stm32f4xx_hal_tim.o
 .debug_aranges
                0x0000000000000800      0x168 ./Drivers/STM32F4xx_HAL_Driver/Src/stm32f4xx_hal_tim_ex.o
 .debug_aranges
                0x0000000000000968       0x40 ./ThirdParty/FreeRTOS/list.o
 .debug_aranges
                0x00000000000009a8      0x130 ./ThirdParty/FreeRTOS/queue.o
 .debug_aranges
                0x0000000000000ad8      0x208 ./ThirdParty/FreeRTOS/tasks.o
 .debug_aranges
                0x0000000000000ce0       0xd8 ./ThirdParty/FreeRTOS/timers.o
 .debug_aranges
                0x0000000000000db8       0x88 ./ThirdParty/FreeRTOS/portable/GCC/ARM_CM4F/port.o
 .debug_aranges
                0x0000000000000e40       0x58 ./ThirdParty/FreeRTOS/portable/MemMang/heap_4.o
 .debug_aranges
                0x0000000000000e98       0x28 ./ThirdParty/SEGGER/Config/SEGGER_SYSVIEW_Config_FreeRTOS.o
 .debug_aranges
                0x0000000000000ec0       0x48 ./ThirdParty/SEGGER/OS/SEGGER_SYSVIEW_FreeRTOS.o
 .debug_aranges
                0x0000000000000f08       0x68 ./ThirdParty/SEGGER/Rec/segger_uart.o
 .debug_aranges
                0x0000000000000f70      0x138 ./ThirdParty/SEGGER/SEGGER/SEGGER_RTT.o
 .debug_aranges
                0x00000000000010a8       0x20 ./ThirdParty/SEGGER/SEGGER/SEGGER_RTT_ASM_ARMv7M.o
 .debug_aranges
                0x00000000000010c8      0x280 ./ThirdParty/SEGGER/SEGGER/SEGGER_SYSVIEW.o

.debug_ranges   0x0000000000000000     0x11c0
 .debug_ranges  0x0000000000000000       0x48 ./Core/Src/main.o
 .debug_ranges  0x0000000000000048       0x10 ./Core/Src/stm32f4xx_hal_msp.o
 .debug_ranges  0x0000000000000058       0x20 ./Core/Src/stm32f4xx_hal_timebase_tim.o
 .debug_ranges  0x0000000000000078       0x40 ./Core/Src/stm32f4xx_it.o
 .debug_ranges  0x00000000000000b8       0x18 ./Core/Src/system_stm32f4xx.o
 .debug_ranges  0x00000000000000d0       0x20 ./Core/Startup/startup_stm32f407vgtx.o
 .debug_ranges  0x00000000000000f0       0xe0 ./Drivers/STM32F4xx_HAL_Driver/Src/stm32f4xx_hal.o
 .debug_ranges  0x00000000000001d0      0x108 ./Drivers/STM32F4xx_HAL_Driver/Src/stm32f4xx_hal_cortex.o
 .debug_ranges  0x00000000000002d8       0x48 ./Drivers/STM32F4xx_HAL_Driver/Src/stm32f4xx_hal_gpio.o
 .debug_ranges  0x0000000000000320       0x78 ./Drivers/STM32F4xx_HAL_Driver/Src/stm32f4xx_hal_rcc.o
 .debug_ranges  0x0000000000000398      0x3c0 ./Drivers/STM32F4xx_HAL_Driver/Src/stm32f4xx_hal_tim.o
 .debug_ranges  0x0000000000000758      0x158 ./Drivers/STM32F4xx_HAL_Driver/Src/stm32f4xx_hal_tim_ex.o
 .debug_ranges  0x00000000000008b0       0x30 ./ThirdParty/FreeRTOS/list.o
 .debug_ranges  0x00000000000008e0      0x120 ./ThirdParty/FreeRTOS/queue.o
 .debug_ranges  0x0000000000000a00      0x1f8 ./ThirdParty/FreeRTOS/tasks.o
 .debug_ranges  0x0000000000000bf8       0xc8 ./ThirdParty/FreeRTOS/timers.o
 .debug_ranges  0x0000000000000cc0       0x78 ./ThirdParty/FreeRTOS/portable/GCC/ARM_CM4F/port.o
 .debug_ranges  0x0000000000000d38       0x48 ./ThirdParty/FreeRTOS/portable/MemMang/heap_4.o
 .debug_ranges  0x0000000000000d80       0x18 ./ThirdParty/SEGGER/Config/SEGGER_SYSVIEW_Config_FreeRTOS.o
 .debug_ranges  0x0000000000000d98       0x38 ./ThirdParty/SEGGER/OS/SEGGER_SYSVIEW_FreeRTOS.o
 .debug_ranges  0x0000000000000dd0       0x58 ./ThirdParty/SEGGER/Rec/segger_uart.o
 .debug_ranges  0x0000000000000e28      0x128 ./ThirdParty/SEGGER/SEGGER/SEGGER_RTT.o
 .debug_ranges  0x0000000000000f50      0x270 ./ThirdParty/SEGGER/SEGGER/SEGGER_SYSVIEW.o

.debug_macro    0x0000000000000000    0x23d9d
 .debug_macro   0x0000000000000000      0x401 ./Core/Src/main.o
 .debug_macro   0x0000000000000401      0xaa8 ./Core/Src/main.o
 .debug_macro   0x0000000000000ea9      0x295 ./Core/Src/main.o
 .debug_macro   0x000000000000113e       0x2e ./Core/Src/main.o
 .debug_macro   0x000000000000116c       0x2f ./Core/Src/main.o
 .debug_macro   0x000000000000119b       0x22 ./Core/Src/main.o
 .debug_macro   0x00000000000011bd       0x8e ./Core/Src/main.o
 .debug_macro   0x000000000000124b       0x51 ./Core/Src/main.o
 .debug_macro   0x000000000000129c      0x103 ./Core/Src/main.o
 .debug_macro   0x000000000000139f       0x6a ./Core/Src/main.o
 .debug_macro   0x0000000000001409      0x1df ./Core/Src/main.o
 .debug_macro   0x00000000000015e8       0x1c ./Core/Src/main.o
 .debug_macro   0x0000000000001604       0x22 ./Core/Src/main.o
 .debug_macro   0x0000000000001626       0xdf ./Core/Src/main.o
 .debug_macro   0x0000000000001705     0x102d ./Core/Src/main.o
 .debug_macro   0x0000000000002732      0x11f ./Core/Src/main.o
 .debug_macro   0x0000000000002851    0x15e58 ./Core/Src/main.o
 .debug_macro   0x00000000000186a9       0x6d ./Core/Src/main.o
 .debug_macro   0x0000000000018716     0x3666 ./Core/Src/main.o
 .debug_macro   0x000000000001bd7c      0x174 ./Core/Src/main.o
 .debug_macro   0x000000000001bef0       0x5c ./Core/Src/main.o
 .debug_macro   0x000000000001bf4c      0x96b ./Core/Src/main.o
 .debug_macro   0x000000000001c8b7      0x9fe ./Core/Src/main.o
 .debug_macro   0x000000000001d2b5      0x116 ./Core/Src/main.o
 .debug_macro   0x000000000001d3cb      0x13e ./Core/Src/main.o
 .debug_macro   0x000000000001d509       0xa5 ./Core/Src/main.o
 .debug_macro   0x000000000001d5ae      0x174 ./Core/Src/main.o
 .debug_macro   0x000000000001d722      0x287 ./Core/Src/main.o
 .debug_macro   0x000000000001d9a9       0x5f ./Core/Src/main.o
 .debug_macro   0x000000000001da08      0x236 ./Core/Src/main.o
 .debug_macro   0x000000000001dc3e      0x12c ./Core/Src/main.o
 .debug_macro   0x000000000001dd6a      0x21e ./Core/Src/main.o
 .debug_macro   0x000000000001df88       0x2e ./Core/Src/main.o
 .debug_macro   0x000000000001dfb6      0x11a ./Core/Src/main.o
 .debug_macro   0x000000000001e0d0       0x7e ./Core/Src/main.o
 .debug_macro   0x000000000001e14e       0x89 ./Core/Src/main.o
 .debug_macro   0x000000000001e1d7      0x8d1 ./Core/Src/main.o
 .debug_macro   0x000000000001eaa8       0x47 ./Core/Src/main.o
 .debug_macro   0x000000000001eaef      0x12d ./Core/Src/main.o
 .debug_macro   0x000000000001ec1c      0x190 ./Core/Src/main.o
 .debug_macro   0x000000000001edac       0x52 ./Core/Src/main.o
 .debug_macro   0x000000000001edfe       0x18 ./Core/Src/main.o
 .debug_macro   0x000000000001ee16       0x3c ./Core/Src/main.o
 .debug_macro   0x000000000001ee52       0x34 ./Core/Src/main.o
 .debug_macro   0x000000000001ee86       0x16 ./Core/Src/main.o
 .debug_macro   0x000000000001ee9c       0x35 ./Core/Src/main.o
 .debug_macro   0x000000000001eed1      0x333 ./Core/Src/main.o
 .debug_macro   0x000000000001f204       0x10 ./Core/Src/main.o
 .debug_macro   0x000000000001f214       0x16 ./Core/Src/main.o
 .debug_macro   0x000000000001f22a       0x43 ./Core/Src/main.o
 .debug_macro   0x000000000001f26d       0x34 ./Core/Src/main.o
 .debug_macro   0x000000000001f2a1       0x10 ./Core/Src/main.o
 .debug_macro   0x000000000001f2b1       0x58 ./Core/Src/main.o
 .debug_macro   0x000000000001f309       0x71 ./Core/Src/main.o
 .debug_macro   0x000000000001f37a       0x1c ./Core/Src/main.o
 .debug_macro   0x000000000001f396      0x12a ./Core/Src/main.o
 .debug_macro   0x000000000001f4c0       0x10 ./Core/Src/main.o
 .debug_macro   0x000000000001f4d0       0x1c ./Core/Src/main.o
 .debug_macro   0x000000000001f4ec       0x52 ./Core/Src/main.o
 .debug_macro   0x000000000001f53e       0x22 ./Core/Src/main.o
 .debug_macro   0x000000000001f560       0x10 ./Core/Src/main.o
 .debug_macro   0x000000000001f570       0x40 ./Core/Src/main.o
 .debug_macro   0x000000000001f5b0       0xd5 ./Core/Src/main.o
 .debug_macro   0x000000000001f685       0x1c ./Core/Src/main.o
 .debug_macro   0x000000000001f6a1       0x3d ./Core/Src/main.o
 .debug_macro   0x000000000001f6de       0x16 ./Core/Src/main.o
 .debug_macro   0x000000000001f6f4      0x145 ./Core/Src/main.o
 .debug_macro   0x000000000001f839      0x112 ./Core/Src/main.o
 .debug_macro   0x000000000001f94b       0x4c ./Core/Src/main.o
 .debug_macro   0x000000000001f997       0x46 ./Core/Src/main.o
 .debug_macro   0x000000000001f9dd       0x64 ./Core/Src/main.o
 .debug_macro   0x000000000001fa41       0x16 ./Core/Src/main.o
 .debug_macro   0x000000000001fa57       0x49 ./Core/Src/main.o
 .debug_macro   0x000000000001faa0       0xbc ./Core/Src/main.o
 .debug_macro   0x000000000001fb5c      0x204 ./Core/Src/main.o
 .debug_macro   0x000000000001fd60      0x450 ./Core/Src/main.o
 .debug_macro   0x00000000000201b0      0x15a ./Core/Src/main.o
 .debug_macro   0x000000000002030a       0xea ./Core/Src/main.o
 .debug_macro   0x00000000000203f4       0x1c ./Core/Src/main.o
 .debug_macro   0x0000000000020410       0x26 ./Core/Src/main.o
 .debug_macro   0x0000000000020436      0x3d0 ./Core/Src/main.o
 .debug_macro   0x0000000000020806       0xb5 ./Core/Src/main.o
 .debug_macro   0x00000000000208bb      0x120 ./Core/Src/main.o
 .debug_macro   0x00000000000209db      0x284 ./Core/Src/stm32f4xx_hal_msp.o
 .debug_macro   0x0000000000020c5f       0x58 ./Core/Src/stm32f4xx_hal_msp.o
 .debug_macro   0x0000000000020cb7      0x1c4 ./Core/Src/stm32f4xx_hal_timebase_tim.o
 .debug_macro   0x0000000000020e7b      0x1dd ./Core/Src/stm32f4xx_it.o
 .debug_macro   0x0000000000021058      0x1c4 ./Core/Src/system_stm32f4xx.o
 .debug_macro   0x000000000002121c      0x224 ./Drivers/STM32F4xx_HAL_Driver/Src/stm32f4xx_hal.o
 .debug_macro   0x0000000000021440      0x1c4 ./Drivers/STM32F4xx_HAL_Driver/Src/stm32f4xx_hal_cortex.o
 .debug_macro   0x0000000000021604      0x1ca ./Drivers/STM32F4xx_HAL_Driver/Src/stm32f4xx_hal_gpio.o
 .debug_macro   0x00000000000217ce      0x1e8 ./Drivers/STM32F4xx_HAL_Driver/Src/stm32f4xx_hal_rcc.o
 .debug_macro   0x00000000000219b6      0x1c5 ./Drivers/STM32F4xx_HAL_Driver/Src/stm32f4xx_hal_tim.o
 .debug_macro   0x0000000000021b7b      0x1c4 ./Drivers/STM32F4xx_HAL_Driver/Src/stm32f4xx_hal_tim_ex.o
 .debug_macro   0x0000000000021d3f      0x1f4 ./ThirdParty/FreeRTOS/list.o
 .debug_macro   0x0000000000021f33      0x27d ./ThirdParty/FreeRTOS/queue.o
 .debug_macro   0x00000000000221b0       0x16 ./ThirdParty/FreeRTOS/queue.o
 .debug_macro   0x00000000000221c6       0x20 ./ThirdParty/FreeRTOS/queue.o
 .debug_macro   0x00000000000221e6       0x80 ./ThirdParty/FreeRTOS/queue.o
 .debug_macro   0x0000000000022266      0x2e1 ./ThirdParty/FreeRTOS/tasks.o
 .debug_macro   0x0000000000022547       0x10 ./ThirdParty/FreeRTOS/tasks.o
 .debug_macro   0x0000000000022557      0x23d ./ThirdParty/FreeRTOS/timers.o
 .debug_macro   0x0000000000022794       0x97 ./ThirdParty/FreeRTOS/timers.o
 .debug_macro   0x000000000002282b      0x1f7 ./ThirdParty/FreeRTOS/portable/GCC/ARM_CM4F/port.o
 .debug_macro   0x0000000000022a22      0x20f ./ThirdParty/FreeRTOS/portable/MemMang/heap_4.o
 .debug_macro   0x0000000000022c31      0x137 ./ThirdParty/SEGGER/Config/SEGGER_SYSVIEW_Config_FreeRTOS.o
 .debug_macro   0x0000000000022d68      0x203 ./ThirdParty/SEGGER/OS/SEGGER_SYSVIEW_FreeRTOS.o
 .debug_macro   0x0000000000022f6b      0x41c ./ThirdParty/SEGGER/Rec/segger_uart.o
 .debug_macro   0x0000000000023387       0x3a ./ThirdParty/SEGGER/Rec/segger_uart.o
 .debug_macro   0x00000000000233c1      0x138 ./ThirdParty/SEGGER/Rec/segger_uart.o
 .debug_macro   0x00000000000234f9       0xd9 ./ThirdParty/SEGGER/Rec/segger_uart.o
 .debug_macro   0x00000000000235d2       0x56 ./ThirdParty/SEGGER/Rec/segger_uart.o
 .debug_macro   0x0000000000023628      0x1bd ./ThirdParty/SEGGER/SEGGER/SEGGER_RTT.o
 .debug_macro   0x00000000000237e5       0x34 ./ThirdParty/SEGGER/SEGGER/SEGGER_RTT.o
 .debug_macro   0x0000000000023819      0x212 ./ThirdParty/SEGGER/SEGGER/SEGGER_SYSVIEW.o
 .debug_macro   0x0000000000023a2b      0x204 ./ThirdParty/SEGGER/SEGGER/SEGGER_SYSVIEW.o
 .debug_macro   0x0000000000023c2f      0x16e ./ThirdParty/SEGGER/SEGGER/SEGGER_SYSVIEW.o

.debug_line     0x0000000000000000    0x15553
 .debug_line    0x0000000000000000      0xd76 ./Core/Src/main.o
 .debug_line    0x0000000000000d76      0x935 ./Core/Src/stm32f4xx_hal_msp.o
 .debug_line    0x00000000000016ab      0x70e ./Core/Src/stm32f4xx_hal_timebase_tim.o
 .debug_line    0x0000000000001db9      0x74b ./Core/Src/stm32f4xx_it.o
 .debug_line    0x0000000000002504      0x730 ./Core/Src/system_stm32f4xx.o
 .debug_line    0x0000000000002c34       0x88 ./Core/Startup/startup_stm32f407vgtx.o
 .debug_line    0x0000000000002cbc      0x996 ./Drivers/STM32F4xx_HAL_Driver/Src/stm32f4xx_hal.o
 .debug_line    0x0000000000003652      0xc45 ./Drivers/STM32F4xx_HAL_Driver/Src/stm32f4xx_hal_cortex.o
 .debug_line    0x0000000000004297      0xb0c ./Drivers/STM32F4xx_HAL_Driver/Src/stm32f4xx_hal_gpio.o
 .debug_line    0x0000000000004da3      0xd12 ./Drivers/STM32F4xx_HAL_Driver/Src/stm32f4xx_hal_rcc.o
 .debug_line    0x0000000000005ab5     0x368a ./Drivers/STM32F4xx_HAL_Driver/Src/stm32f4xx_hal_tim.o
 .debug_line    0x000000000000913f     0x1993 ./Drivers/STM32F4xx_HAL_Driver/Src/stm32f4xx_hal_tim_ex.o
 .debug_line    0x000000000000aad2      0x886 ./ThirdParty/FreeRTOS/list.o
 .debug_line    0x000000000000b358     0x173b ./ThirdParty/FreeRTOS/queue.o
 .debug_line    0x000000000000ca93     0x1e60 ./ThirdParty/FreeRTOS/tasks.o
 .debug_line    0x000000000000e8f3      0xde2 ./ThirdParty/FreeRTOS/timers.o
 .debug_line    0x000000000000f6d5      0xa04 ./ThirdParty/FreeRTOS/portable/GCC/ARM_CM4F/port.o
 .debug_line    0x00000000000100d9      0xad1 ./ThirdParty/FreeRTOS/portable/MemMang/heap_4.o
 .debug_line    0x0000000000010baa      0x660 ./ThirdParty/SEGGER/Config/SEGGER_SYSVIEW_Config_FreeRTOS.o
 .debug_line    0x000000000001120a      0x970 ./ThirdParty/SEGGER/OS/SEGGER_SYSVIEW_FreeRTOS.o
 .debug_line    0x0000000000011b7a      0xb3a ./ThirdParty/SEGGER/Rec/segger_uart.o
 .debug_line    0x00000000000126b4      0xe8c ./ThirdParty/SEGGER/SEGGER/SEGGER_RTT.o
 .debug_line    0x0000000000013540       0xa0 ./ThirdParty/SEGGER/SEGGER/SEGGER_RTT_ASM_ARMv7M.o
 .debug_line    0x00000000000135e0     0x1f73 ./ThirdParty/SEGGER/SEGGER/SEGGER_SYSVIEW.o

.debug_str      0x0000000000000000    0xd7fa0
 .debug_str     0x0000000000000000    0xcef6e ./Core/Src/main.o
                                      0xcf381 (size before relaxing)
 .debug_str     0x00000000000cef6e       0x2c ./Core/Src/stm32f4xx_hal_msp.o
                                      0xc90f2 (size before relaxing)
 .debug_str     0x00000000000cef9a      0x56f ./Core/Src/stm32f4xx_hal_timebase_tim.o
                                      0xc2456 (size before relaxing)
 .debug_str     0x00000000000cf509       0xa6 ./Core/Src/stm32f4xx_it.o
                                      0xc245a (size before relaxing)
 .debug_str     0x00000000000cf5af       0xaf ./Core/Src/system_stm32f4xx.o
                                      0xc19c9 (size before relaxing)
 .debug_str     0x00000000000cf65e       0x36 ./Core/Startup/startup_stm32f407vgtx.o
                                         0x5d (size before relaxing)
 .debug_str     0x00000000000cf694      0x542 ./Drivers/STM32F4xx_HAL_Driver/Src/stm32f4xx_hal.o
                                      0xc24ab (size before relaxing)
 .debug_str     0x00000000000cfbd6      0x392 ./Drivers/STM32F4xx_HAL_Driver/Src/stm32f4xx_hal_cortex.o
                                      0xc229a (size before relaxing)
 .debug_str     0x00000000000cff68      0x15f ./Drivers/STM32F4xx_HAL_Driver/Src/stm32f4xx_hal_gpio.o
                                      0xc1b70 (size before relaxing)
 .debug_str     0x00000000000d00c7      0x24f ./Drivers/STM32F4xx_HAL_Driver/Src/stm32f4xx_hal_rcc.o
                                      0xc1dcb (size before relaxing)
 .debug_str     0x00000000000d0316      0xe4d ./Drivers/STM32F4xx_HAL_Driver/Src/stm32f4xx_hal_tim.o
                                      0xc2cf8 (size before relaxing)
 .debug_str     0x00000000000d1163      0x538 ./Drivers/STM32F4xx_HAL_Driver/Src/stm32f4xx_hal_tim_ex.o
                                      0xc24a9 (size before relaxing)
 .debug_str     0x00000000000d169b      0x28e ./ThirdParty/FreeRTOS/list.o
                                       0xecf9 (size before relaxing)
 .debug_str     0x00000000000d1929     0x1032 ./ThirdParty/FreeRTOS/queue.o
                                      0x10fab (size before relaxing)
 .debug_str     0x00000000000d295b     0x1cf2 ./ThirdParty/FreeRTOS/tasks.o
                                      0x11dfb (size before relaxing)
 .debug_str     0x00000000000d464d      0x51d ./ThirdParty/FreeRTOS/timers.o
                                      0x113a1 (size before relaxing)
 .debug_str     0x00000000000d4b6a      0x7fb ./ThirdParty/FreeRTOS/portable/GCC/ARM_CM4F/port.o
                                       0xd3cb (size before relaxing)
 .debug_str     0x00000000000d5365      0x327 ./ThirdParty/FreeRTOS/portable/MemMang/heap_4.o
                                      0x10173 (size before relaxing)
 .debug_str     0x00000000000d568c      0x16c ./ThirdParty/SEGGER/Config/SEGGER_SYSVIEW_Config_FreeRTOS.o
                                       0xb274 (size before relaxing)
 .debug_str     0x00000000000d57f8       0xf5 ./ThirdParty/SEGGER/OS/SEGGER_SYSVIEW_FreeRTOS.o
                                       0xfed2 (size before relaxing)
 .debug_str     0x00000000000d58ed     0x1057 ./ThirdParty/SEGGER/Rec/segger_uart.o
                                      0xc7b38 (size before relaxing)
 .debug_str     0x00000000000d6944      0x6d4 ./ThirdParty/SEGGER/SEGGER/SEGGER_RTT.o
                                       0x7c34 (size before relaxing)
 .debug_str     0x00000000000d7018       0x34 ./ThirdParty/SEGGER/SEGGER/SEGGER_RTT_ASM_ARMv7M.o
                                         0x69 (size before relaxing)
 .debug_str     0x00000000000d704c      0xf54 ./ThirdParty/SEGGER/SEGGER/SEGGER_SYSVIEW.o
                                       0x9c17 (size before relaxing)

.comment        0x0000000000000000       0x53
 .comment       0x0000000000000000       0x53 ./Core/Src/main.o
                                         0x54 (size before relaxing)
 .comment       0x0000000000000053       0x54 ./Core/Src/stm32f4xx_hal_msp.o
 .comment       0x0000000000000053       0x54 ./Core/Src/stm32f4xx_hal_timebase_tim.o
 .comment       0x0000000000000053       0x54 ./Core/Src/stm32f4xx_it.o
 .comment       0x0000000000000053       0x54 ./Core/Src/system_stm32f4xx.o
 .comment       0x0000000000000053       0x54 ./Drivers/STM32F4xx_HAL_Driver/Src/stm32f4xx_hal.o
 .comment       0x0000000000000053       0x54 ./Drivers/STM32F4xx_HAL_Driver/Src/stm32f4xx_hal_cortex.o
 .comment       0x0000000000000053       0x54 ./Drivers/STM32F4xx_HAL_Driver/Src/stm32f4xx_hal_gpio.o
 .comment       0x0000000000000053       0x54 ./Drivers/STM32F4xx_HAL_Driver/Src/stm32f4xx_hal_rcc.o
 .comment       0x0000000000000053       0x54 ./Drivers/STM32F4xx_HAL_Driver/Src/stm32f4xx_hal_tim.o
 .comment       0x0000000000000053       0x54 ./Drivers/STM32F4xx_HAL_Driver/Src/stm32f4xx_hal_tim_ex.o
 .comment       0x0000000000000053       0x54 ./ThirdParty/FreeRTOS/list.o
 .comment       0x0000000000000053       0x54 ./ThirdParty/FreeRTOS/queue.o
 .comment       0x0000000000000053       0x54 ./ThirdParty/FreeRTOS/tasks.o
 .comment       0x0000000000000053       0x54 ./ThirdParty/FreeRTOS/timers.o
 .comment       0x0000000000000053       0x54 ./ThirdParty/FreeRTOS/portable/GCC/ARM_CM4F/port.o
 .comment       0x0000000000000053       0x54 ./ThirdParty/FreeRTOS/portable/MemMang/heap_4.o
 .comment       0x0000000000000053       0x54 ./ThirdParty/SEGGER/Config/SEGGER_SYSVIEW_Config_FreeRTOS.o
 .comment       0x0000000000000053       0x54 ./ThirdParty/SEGGER/OS/SEGGER_SYSVIEW_FreeRTOS.o
 .comment       0x0000000000000053       0x54 ./ThirdParty/SEGGER/Rec/segger_uart.o
 .comment       0x0000000000000053       0x54 ./ThirdParty/SEGGER/SEGGER/SEGGER_RTT.o
 .comment       0x0000000000000053       0x54 ./ThirdParty/SEGGER/SEGGER/SEGGER_SYSVIEW.o

.debug_frame    0x0000000000000000     0x5070
 .debug_frame   0x0000000000000000      0x118 ./Core/Src/main.o
 .debug_frame   0x0000000000000118       0x34 ./Core/Src/stm32f4xx_hal_msp.o
 .debug_frame   0x000000000000014c       0x74 ./Core/Src/stm32f4xx_hal_timebase_tim.o
 .debug_frame   0x00000000000001c0       0xc4 ./Core/Src/stm32f4xx_it.o
 .debug_frame   0x0000000000000284       0x58 ./Core/Src/system_stm32f4xx.o
 .debug_frame   0x00000000000002dc      0x374 ./Drivers/STM32F4xx_HAL_Driver/Src/stm32f4xx_hal.o
 .debug_frame   0x0000000000000650      0x498 ./Drivers/STM32F4xx_HAL_Driver/Src/stm32f4xx_hal_cortex.o
 .debug_frame   0x0000000000000ae8      0x14c ./Drivers/STM32F4xx_HAL_Driver/Src/stm32f4xx_hal_gpio.o
 .debug_frame   0x0000000000000c34      0x1f0 ./Drivers/STM32F4xx_HAL_Driver/Src/stm32f4xx_hal_rcc.o
 .debug_frame   0x0000000000000e24     0x11c4 ./Drivers/STM32F4xx_HAL_Driver/Src/stm32f4xx_hal_tim.o
 .debug_frame   0x0000000000001fe8      0x638 ./Drivers/STM32F4xx_HAL_Driver/Src/stm32f4xx_hal_tim_ex.o
 .debug_frame   0x0000000000002620       0xd8 ./ThirdParty/FreeRTOS/list.o
 .debug_frame   0x00000000000026f8      0x544 ./ThirdParty/FreeRTOS/queue.o
 .debug_frame   0x0000000000002c3c      0x8fc ./ThirdParty/FreeRTOS/tasks.o
 .debug_frame   0x0000000000003538      0x38c ./ThirdParty/FreeRTOS/timers.o
 .debug_frame   0x00000000000038c4      0x1d0 ./ThirdParty/FreeRTOS/portable/GCC/ARM_CM4F/port.o
 .debug_frame   0x0000000000003a94      0x12c ./ThirdParty/FreeRTOS/portable/MemMang/heap_4.o